
Memory Configuration

Name             Origin             Length             Attributes
*default*        0x0000000000000000 0xffffffffffffffff

Linker script and memory map

                0x00000000800c9490                disableAnim__Q23m2d13EmbedLayout_cFi = 0x800c9490
                0x0000000080007220                getRootPane__Q23m2d17EmbedLayoutBase_cFv = 0x80007220
                0x0000000080195380                MapSoundPlayer = 0x80195380
                0x00000000800b3b50                QueryGlobal5758 = 0x800b3b50
                0x0000000080429cf8                NextStageActorDisableFlags = 0x80429cf8
                0x0000000080429cfa                StageActorDisableFlags = 0x80429cfa
                0x00000000800e1d50                doneWithCheckIfInStage = 0x800e1d50
                0x00000000800dd758                doneWithAddRemoconState = 0x800dd758
                0x00000000800dceac                doneWithChangeIDForCC = 0x800dceac
                0x000000008042a028                dRemoconMng_c_ptr = 0x8042a028
                0x00000000802bc9c0                DoStuffWtihWiimote = 0x802bc9c0
                0x0000000080377c88                CoreControllerPtr = 0x80377c88
                0x00000000800b3c50                assignSomeColoursToWindow = 0x800b3c50
                0x0000000080374f48                _ZN17dWarningManager_c22StateID_WarningNunchukE = 0x80374f48
                0x0000000080374f48                StateID_WarningNunchuk__17dWarningManager_c = 0x80374f48
                0x000000008010d940                doneWithPatchShowNunchuk = 0x8010d940
                0x000000008010df88                doneWithShowClassic = 0x8010df88
                0x000000008010dfa8                doneWithShowClassic2 = 0x8010dfa8
                0x000000008010d530                doneWithCreateClassic = 0x8010d530
                0x000000008010d5c0                CreateClassicReturn = 0x8010d5c0
                0x000000008010d6b4                doneWithDrawClassic = 0x8010d6b4
                0x000000008010d740                DeleteClassicReturn = 0x8010d740
                0x000000008010d72c                DeleteClassicContinue2 = 0x8010d72c
                0x000000008010d1ec                doneWithCtorClassic = 0x8010d1ec
                0x000000008010d45c                doneWithDtorClassic = 0x8010d45c
                0x000000008010dee0                doneWithCheckForClassic = 0x8010dee0
                0x000000008010dee4                CheckForClassicContinue = 0x8010dee4
                0x000000008010db50                _ZN17dWarningManager_c26messWithExistingSceneCountEv = 0x8010db50
                0x000000008010db50                messWithExistingSceneCount__17dWarningManager_cFv = 0x8010db50
                0x000000008010dad0                _ZN17dWarningManager_c13checkForCloseEv = 0x8010dad0
                0x000000008010dad0                checkForClose__17dWarningManager_cFv = 0x8010dad0
                0x000000008010db30                _ZN17dWarningManager_c22setStateToOutOfWarningEv = 0x8010db30
                0x000000008010db30                setStateToOutOfWarning__17dWarningManager_cFv = 0x8010db30
                0x000000008010e580                doneWithSetClassicVisibility0 = 0x8010e580
                0x000000008010e24c                ExecuteClassicForSomeReasonReturn = 0x8010e24c
                0x000000008010e22c                doneWithExecuteClassicForSomeReason = 0x8010e22c
                0x00000000800dcb20                RemoconConnectExtension_executeWaitReturn = 0x800dcb20
                0x00000000800dcc54                RemoconConnectExtension_executeNoneReturn = 0x800dcc54
                0x00000000800dcd84                RemoconConnectExtension_executeFreestyleReturn = 0x800dcd84
                0x00000000800dcea8                RemoconConnectExtension_executeOtherReturn = 0x800dcea8
                0x00000000803718f0                _ZN23RemoconConnectExtension12StateID_NoneE = 0x803718f0
                0x00000000803718f0                StateID_None__23RemoconConnectExtension = 0x803718f0
                0x0000000080371930                _ZN23RemoconConnectExtension17StateID_FreestyleE = 0x80371930
                0x0000000080371930                StateID_Freestyle__23RemoconConnectExtension = 0x80371930
                0x0000000080371970                _ZN23RemoconConnectExtension13StateID_OtherE = 0x80371970
                0x0000000080371970                StateID_Other__23RemoconConnectExtension = 0x80371970
                0x000000008031925c                RemoconConnect_StateVTable = 0x8031925c
                0x00000000803a1ac8                inside_kpads = 0x803a1ac8
                0x00000000800b5db8                doneWithGiveClassicARemoconID = 0x800b5db8
                0x00000000800e6da8                doneWithPatchControllerIcon = 0x800e6da8
                0x000000008042a460                dword_8042A740 = 0x8042a460
                0x000000008042a2d8                CurrentWarningManager = 0x8042a2d8
                0x0000000080779a00                onCreate_orig__14dCourseClear_cFv = 0x80779a00
                0x0000000080b15510                StateID_Flagdown__12daEnGlpole_c = 0x80b15510
                0x0000000080377138                StateID_ProcGoalEnd__14dGameDisplay_c = 0x80377138
                0x000000008004dd00                sub_8004DD00__10daPlBase_cFv = 0x8004dd00
                0x0000000080a0b1b0                daEnGlpole_c__CheckThis = 0x80a0b1b0
                0x0000000080989d60                aWm_ob_eggbreak = 0x80989d60
                0x0000000080989d74                aWm_ob_eggbre_0 = 0x80989d74
                0x0000000080989d88                aWm_ob_eggbre_1 = 0x80989d88
                0x0000000080989d9c                aWm_ob_eggbre_2 = 0x80989d9c
                0x0000000080a9429c                returnFromChangeRedRingArray = 0x80a9429c
                0x000000008093c62c                stockItemPowerupModelScale = 0x8093c62c
                0x000000008093c0e4                stockItemPlayerModelScale = 0x8093c0e4
                0x00000000809a2520                StateID_StockItemSelectWait__22dCourseSelectManager_c = 0x809a2520
                0x00000000800d3384                dPlayerMdl_c__createPlayerModel = 0x800d3384
                0x0000000080a6b430                callFooDeath = 0x80a6b430
                0x000000008085f5c0                FUN_8085f5c0 = 0x8085f5c0
                0x0000000080860074                fixJumbo1return = 0x80860074
                0x00000000808600d8                fixJumbo2return = 0x808600d8
                0x0000000080143560                ContinueFromSixteenthHook = 0x80143560
                0x000000008042b954                layerZPositionForByugoHack = 0x8042b954
                0x00000000808e81a0                continueNodeSetup = 0x808e81a0
                0x0000000080015474                continueFromChangeSmallScore100Color = 0x80015474
                0x0000000080015344                continueFromChangeSmallScore1000Color1 = 0x80015344
                0x0000000080015374                continueFromChangeSmallScore1000Color2 = 0x80015374
                0x00000000800b4874                continueFromChangeSmallScore1UPColor1 = 0x800b4874
                0x00000000800b48a4                continueFromChangeSmallScore1UPColor2 = 0x800b48a4
                0x00000000808ce2bc                doneWithPatchAnimNameArray = 0x808ce2bc
                0x00000000808ce30c                doneWithPatchAnimByte34Array = 0x808ce30c
                0x00000000808ce8e0                bindAnimCobCourse = 0x808ce8e0
                0x000000008042a24d                CurrentWorldNumForWorldMap = 0x8042a24d
                0x000000008042a24e                CurrentWorldNumForWorldMapSub = 0x8042a24e
                0x0000000080051ef0                disableDemoControl__10daPlBase_cFv = 0x80051ef0
                0x0000000080051e70                useDemoControl__10daPlBase_cFv = 0x80051e70
                0x0000000080137510                stunPlayer__7dAcPy_cFv = 0x80137510
                0x0000000080137650                unstunPlayer__7dAcPy_cFv = 0x80137650
                0x00000000803763b0                StateID_Quake__10daPlBase_c = 0x803763b0
                0x000000008004dd00                sub_8004DD00__10daPlBase_cFv = 0x8004dd00
                0x0000000080a0b1b0                daEnGlpole_c__CheckThis = 0x80a0b1b0
                0x000000008005e724                continueAt8005e724 = 0x8005e724
                0x00000000801470d4                continueAt80147214 = 0x801470d4
                0x0000000080151540                ContinueWithoutCourage = 0x80151540
                0x0000000080151508                ContinueWithCourage = 0x80151508
                0x000000008014ed68                ContinueEatNoneExecute = 0x8014ed68
                0x000000008014ed40                daYoshi_c__endState_EatNone = 0x8014ed40
                0x00000000808e81c0                continueIsWXS1 = 0x808e81c0
                0x00000000808e81b0                continueWithPat0SetupFromWXS0 = 0x808e81b0
                0x00000000808e81d4                LAB_808e81d4 = 0x808e81d4
                0x000000008035352c                StateID_Turn__Goomba = 0x8035352c
                0x0000000080358004                StateID_Ice__Goomba = 0x80358004
                0x0000000080357bf4                StateID_DieFall__Goomba = 0x80357bf4
                0x0000000080357d74                StateID_DieOther__Goomba = 0x80357d74
                0x00000000803534ec                StateID_Walk__Goomba = 0x803534ec
                0x0000000080032800                daEnKuriboBase_c__isFrozen = 0x80032800
                0x00000000807b1020                it_is_right = 0x807b1020
                0x00000000807b1034                not_right = 0x807b1034
                0x00000000807b1274                it_is_right2 = 0x807b1274
                0x00000000807b1288                not_right2 = 0x807b1288
                0x00000000807b08e0                dStockItem__manipulateItemID = 0x807b08e0
                0x00000000807b0950                tryAndMoveRight = 0x807b0950
                0x00000000807b0914                tryAndMoveLeft = 0x807b0914
                0x00000000807b095c                cantChange = 0x807b095c
                0x00000000807b093c                continueRightLoop = 0x807b093c
                0x00000000807b0900                continueLeftLoop = 0x807b0900
                0x000000008042a1ac                PtrToWM_CS_SEQ_MNG = 0x8042a1ac
                0x00000000801015e0                dCsSeqMng_c__GetCutName = 0x801015e0
                0x00000000801016b0                FUN_801017c0 = 0x801016b0
                0x0000000080010800                dCourseSelectGuide_c__loadLives = 0x80010800
                0x00000000808fbce8                returnForCalledFromExecute = 0x808fbce8
                0x00000000808fb314                continueInCalledFromExecute = 0x808fb314
                0x0000000080904158                continueAt80904158 = 0x80904158
                0x000000008090415c                continueAt8090415C = 0x8090415c
                0x00000000809042ec                LAB_809042ec = 0x809042ec
                0x00000000808fbd00                FUN_808fbd00 = 0x808fbd00
                0x00000000808fbd10                FUN_808fbd10 = 0x808fbd10
                0x000000008098d548                aLightMainscene = 0x8098d548
                0x000000008098d560                aLightChikascen = 0x8098d560
                0x000000008098d578                aLightWaterscen = 0x8098d578
                0x000000008098d590                aLightFirescene = 0x8098d590
                0x000000008098d5a8                aLightSabakusce = 0x8098d5a8
                0x000000008098d5c4                aLightKaigansce = 0x8098d5c4
                0x000000008098d5e0                aLightDaishizen = 0x8098d5e0
                0x000000008098d5fc                aLightYukidaysc = 0x8098d5fc
                0x000000008098d618                aLightSorascene = 0x8098d618
                0x000000008098d630                aLightIwabascen = 0x8098d630
                0x000000008098d648                aLightToridesce = 0x8098d648
                0x000000008098d668                aLightShiroscen = 0x8098d668
                0x000000008098d680                aLightObakescen = 0x8098d680
                0x000000008098d698                aLightKurayamic = 0x8098d698
                0x000000008098d6b8                aLightObakeouts = 0x8098d6b8
                0x000000008098d6d4                aLightShinkaisc = 0x8098d6d4
                0x000000008098d6f0                aLightSabakuchi = 0x8098d6f0
                0x000000008098d710                aLightKorichika = 0x8098d710
                0x000000008098d730                aLightFire2scen = 0x8098d730
                0x000000008098d748                aLightKoopascen = 0x8098d748
                0x000000008098d760                aLightFire3scen = 0x8098d760
                0x000000008098d778                aLightKumorisor = 0x8098d778
                0x000000008098d798                aLightToride2sc = 0x8098d798
                0x000000008098d7b4                aLightMainsce_0 = 0x8098d7b4
                0x000000008098d7cc                aLightChikasc_0 = 0x8098d7cc
                0x000000008098d7e4                aLightWatersc_0 = 0x8098d7e4
                0x000000008098d7fc                aLightFiresce_0 = 0x8098d7fc
                0x000000008098d818                aLightSabakus_0 = 0x8098d818
                0x000000008098d830                aLightKaigans_0 = 0x8098d830
                0x000000008098d848                aLightDaishiz_0 = 0x8098d848
                0x000000008098d864                aLightYukiday_0 = 0x8098d864
                0x000000008098d880                aLightSorasce_0 = 0x8098d880
                0x000000008098d898                aLightIwabasc_0 = 0x8098d898
                0x000000008098d8b0                aLightTorides_0 = 0x8098d8b0
                0x000000008098d8c8                aLightShirosc_0 = 0x8098d8c8
                0x000000008098d8e0                aLightObakesc_0 = 0x8098d8e0
                0x000000008098d8f8                aLightKurayam_0 = 0x8098d8f8
                0x000000008098d918                aLightObakeou_0 = 0x8098d918
                0x000000008098d934                aLightShinkai_0 = 0x8098d934
                0x000000008098d950                aLightSabakuc_0 = 0x8098d950
                0x000000008098d970                aLightKorichi_0 = 0x8098d970
                0x000000008098d98c                aLightFire2sc_0 = 0x8098d98c
                0x000000008098d9a4                aLightKoopasc_0 = 0x8098d9a4
                0x000000008098d9bc                aLightFire3sc_0 = 0x8098d9bc
                0x000000008098d9d4                aLightKumoris_0 = 0x8098d9d4
                0x000000008098d9f0                aLightToride2_0 = 0x8098d9f0
                0x000000008098da0c                aFogMainscene_b = 0x8098da0c
                0x000000008098da20                aFogChikascene_ = 0x8098da20
                0x000000008098da34                aFogWaterscene_ = 0x8098da34
                0x000000008098da48                aFogFirescene_b = 0x8098da48
                0x000000008098da5c                aFogSabakuscene = 0x8098da5c
                0x000000008098da74                aFogKaiganscene = 0x8098da74
                0x000000008098da90                aFogDaishizensc = 0x8098da90
                0x000000008098daa8                aFogYukidayscen = 0x8098daa8
                0x000000008098dac0                aFogSorascene_b = 0x8098dac0
                0x000000008098dad4                aFogIwabascene_ = 0x8098dad4
                0x000000008098dae8                aFogToridescene = 0x8098dae8
                0x000000008098db00                aFogShiroscene_ = 0x8098db00
                0x000000008098db14                aFogObakescene_ = 0x8098db14
                0x000000008098db28                aFogKurayamichi = 0x8098db28
                0x000000008098db44                aFogObakeoutsce = 0x8098db44
                0x000000008098db5c                aFogShinkaiscen = 0x8098db5c
                0x000000008098db74                aFogSabakuchika = 0x8098db74
                0x000000008098db90                aFogKorichikasc = 0x8098db90
                0x000000008098dba8                aFogFire2scene_ = 0x8098dba8
                0x000000008098dbbc                aFogKoopascene_ = 0x8098dbbc
                0x000000008098dbd0                aFogFire3scene_ = 0x8098dbd0
                0x000000008098dbe4                aFogKumorisoras = 0x8098dbe4
                0x000000008098dc00                aFogToride2scen = 0x8098dc00
                0x000000008098dd84                aRouteinfo_1 = 0x8098dd84
                0x000000008098dd90                aCollectioncoincoursesort = 0x8098dd90
                0x000000008098ddac                aCobcastle_1 = 0x8098ddac
                0x000000008098ddb8                aCobcourse_0 = 0x8098ddb8
                0x000000008098dc98                aCobkinokored_3 = 0x8098dc98
                0x000000008098dca8                aCobkinoko1up_4 = 0x8098dca8
                0x000000008098dcb8                aCobkinokosta_3 = 0x8098dcb8
                0x000000008098ddc4                aCobstart_0 = 0x8098ddc4
                0x000000008098ddd0                aCobanchor_0 = 0x8098ddd0
                0x000000008098dddc                aCobtoride_1 = 0x8098dddc
                0x000000008098dde8                aCobghost_1 = 0x8098dde8
                0x000000008098ddf4                aCobcannon_1 = 0x8098ddf4
                0x000000008098dcc8                aCobkoopaship_5 = 0x8098dcc8
                0x000000008098de00                aCharacter_s_12 = 0x8098de00
                0x000000008098de10                aCobsurrender_0 = 0x8098de10
                0x000000008098de20                aCobkinopio_1 = 0x8098de20
                0x000000008006ca80                create__8dActor_cF6ActorsUiP7Point3dPv = 0x8006ca80
                0x00000000801015bc                returnToOriginalScriptCode = 0x801015bc
                0x00000000807c1dc0                destroyBarrel = 0x807c1dc0
                0x0000000080b14be0                StateID_FoolMove__14daEnGakeNoko_c = 0x80b14be0
                0x0000000080b14c20                StateID_Move__14daEnGakeNoko_c = 0x80b14c20
                0x0000000080146e20                pipeCannonShot__7dAcPy_cFiff = 0x80146e20
                0x0000000080140300                dealsWithGoalPutonCapAnimation__7dAcPy_cFv = 0x80140300
                0x00000000801405e0                cannonShot__7dAcPy_cFiss = 0x801405e0
                0x000000008008e410                getZoneByID__9dCourse_cFUcP5mRect = 0x8008e410
                0x00000000800e3a28                updateUI = 0x800e3a28
                0x000000008019bc50                ApparentlyStartsMusic = 0x8019bc50
                0x00000000800e3a08                continueTimerLeq100 = 0x800e3a08
                0x000000008019e014                continueAt8019e154 = 0x8019e014
                0x000000008019e000                continueAt8019e140 = 0x8019e000
                0x0000000080429fd8                instance__7StageC4 = 0x80429fd8
                0x000000008016a9b0                mHeapAllocator_c_done = 0x8016a9b0
                0x0000000080991f10                dEventOpeningTitle_c_StateID_PressButtonExitAnimeEndWait = 0x80991f10
                0x00000000809cae30                sub_809CAE10 = 0x809cae30
                0x000000008091288c                loc_8091288C = 0x8091288c
                0x00000000802e55a4                pow = 0x802e55a4
                0x000000008154ba7b                PortalHook_1_byte = 0x8154ba7b
                0x000000008154b904                PortalHook_2_offset_2 = 0x8154b904
                0x0000000080760fe8                PortalHook_3_external_1 = 0x80760fe8
                0x000000008154b804                PortalHook_3_external_2 = 0x8154b804
                0x0000000080162b04                PortalHook_1_ret = 0x80162b04
                0x0000000080064354                PortalHook_2_ret = 0x80064354
                0x00000000800e39e8                PortalHook_3_ret = 0x800e39e8
                0x0000000080095954                PortalHook_4_ret = 0x80095954
                0x0000000080095984                PortalHook_5_ret_1 = 0x80095984
                0x0000000080095bd4                PortalHook_5_ret_2 = 0x80095bd4
                0x00000000802f6600                IsGravityEnabled = 0x802f6600
                0x000000008042b864                GravityFloat_maybe = 0x8042b864
                0x0000000080054688                line_80054688 = 0x80054688
                0x000000008005714c                line_8005714C = 0x8005714c
                0x0000000080001910                ZoneMaxYValue_maybe = 0x80001910
                0x000000008005e6f0                JumpingShit = 0x8005e6f0
                0x0000000080057a68                ArcNein = 0x80057a68
                0x000000008005475c                loc_8005475C = 0x8005475c
                0x000000008005467c                loc_8005467C = 0x8005467c
                0x0000000080070ef8                ContinueFromFirstHook = 0x80070ef8
                0x00000000800e4450                ContinueFromSecondHook = 0x800e4450
                0x0000000080057108                ContinueFromThirdHook = 0x80057108
                0x00000000801275e0                ContinueFromFourthHook = 0x801275e0
                0x0000000080057154                ContinueFromFifthHook = 0x80057154
                0x000000008004c5ec                ContinueFromSixthHook_One = 0x8004c5ec
                0x000000008004c5c4                ContinueFromSixthHook_Two = 0x8004c5c4
                0x000000008006cde4                ContinueFromSeventhHook = 0x8006cde4
                0x00000000801c0be0                ContinueFromEighthHook = 0x801c0be0
                0x00000000800b07f0                ContinueFromNinthHook = 0x800b07f0
                0x0000000080128118                ContinueFromTenthHook = 0x80128118
                0x0000000080926774                ContinueFromEleventhHook = 0x80926774
                0x000000008006f7b8                ContinueFromTwelvethHook = 0x8006f7b8
                0x0000000080064f54                ContinueFromThirteenthHook = 0x80064f54
                0x0000000080070cc4                ContinueFromFourteenthHook = 0x80070cc4
                0x0000000080920350                LoadBreffKoopa = 0x80920350
                0x0000000080920344                LoadBreffKoopaJr = 0x80920344
                0x00000000809201f0                returnFromBreffLoadPatch = 0x809201f0
                0x000000008003a240                sub_8003A240__FPvPv = 0x8003a240
                0x00000000803539e4                daEnShell_c_StateID_Sleep = 0x803539e4
                0x0000000080353a64                daEnShell_c_StateID_Slide = 0x80353a64
                0x0000000080353a64                _ZN11daEnShell_c13StateID_SlideE = 0x80353a64
                0x0000000080038670                afterExecute__11daEnShell_cFi = 0x80038670
                0x0000000080038080                __dt__11daEnShell_cFv = 0x80038080
                0x000000008003a010                isOutOfView__11daEnShell_cFv = 0x8003a010
                0x000000008003a0c0                kill__11daEnShell_cFv = 0x8003a0c0
                0x000000008003a010                _vf74__11daEnShell_cFv = 0x8003a010
                0x000000008003ab80                itemPickedUp__11daEnShell_cFv = 0x8003ab80
                0x0000000080039610                _vf7C__11daEnShell_cFv = 0x80039610
                0x000000008003a570                eatIn__11daEnShell_cFv = 0x8003a570
                0x000000008003a5d0                spitOut__11daEnShell_cFPv = 0x8003a5d0
                0x0000000080038800                stageActorCollision__11daEnShell_cFP13ActivePhysicsP13ActivePhysics = 0x80038800
                0x0000000080038830                spriteCollision__11daEnShell_cFP13ActivePhysicsP13ActivePhysics = 0x80038830
                0x00000000800389e0                playerCollision__11daEnShell_cFP13ActivePhysicsP13ActivePhysics = 0x800389e0
                0x0000000080039010                yoshiCollision__11daEnShell_cFP13ActivePhysicsP13ActivePhysics = 0x80039010
                0x0000000080039b40                collidedWithCatD_Drill__11daEnShell_cFP13ActivePhysicsP13ActivePhysics = 0x80039b40
                0x0000000080039bf0                collidedWithCat7_GroundPound__11daEnShell_cFP13ActivePhysicsP13ActivePhysics = 0x80039bf0
                0x0000000080039d70                collidedWithCat7_GroundPoundYoshi__11daEnShell_cFP13ActivePhysicsP13ActivePhysics = 0x80039d70
                0x00000000800393a0                collidedWithCat9_RollingObject__11daEnShell_cFP13ActivePhysicsP13ActivePhysics = 0x800393a0
                0x000000008003a7b0                collidedWithCat2_Iceball_or_15_YoshiIce__11daEnShell_cFP13ActivePhysicsP13ActivePhysics = 0x8003a7b0
                0x000000008003be00                dieFall_Begin__11daEnShell_cFv = 0x8003be00
                0x000000008003be80                dieFall_Execute__11daEnShell_cFv = 0x8003be80
                0x000000008003be70                dieFall_End__11daEnShell_cFv = 0x8003be70
                0x0000000080039680                _vf220__11daEnShell_cFPv = 0x80039680
                0x000000008003bff0                _vf224__11daEnShell_cFv = 0x8003bff0
                0x000000008003a8c0                _vf238__11daEnShell_cFv = 0x8003a8c0
                0x00000000800392c0                _vf248__11daEnShell_cFi = 0x800392c0
                0x00000000800392f0                bouncePlayerWhenJumpedOn__11daEnShell_cFPv = 0x800392f0
                0x0000000080039590                addScoreWhenHit__11daEnShell_cFPv = 0x80039590
                0x000000008003bf80                _vf25C__11daEnShell_cFPv = 0x8003bf80
                0x000000008003b020                beginState_Carry__11daEnShell_cFv = 0x8003b020
                0x000000008003b200                executeState_Carry__11daEnShell_cFv = 0x8003b200
                0x000000008003b140                endState_Carry__11daEnShell_cFv = 0x8003b140
                0x000000008003ae40                beginState_Sleep__11daEnShell_cFv = 0x8003ae40
                0x000000008003aee0                executeState_Sleep__11daEnShell_cFv = 0x8003aee0
                0x000000008003aeb0                endState_Sleep__11daEnShell_cFv = 0x8003aeb0
                0x000000008003b3e0                beginState_Slide__11daEnShell_cFv = 0x8003b3e0
                0x000000008003b830                executeState_Slide__11daEnShell_cFv = 0x8003b830
                0x000000008003b6f0                endState_Slide__11daEnShell_cFv = 0x8003b6f0
                0x000000008003bb40                beginState_Wakeup__11daEnShell_cFv = 0x8003bb40
                0x000000008003bbb0                executeState_Wakeup__11daEnShell_cFv = 0x8003bbb0
                0x000000008003bba0                endState_Wakeup__11daEnShell_cFv = 0x8003bba0
                0x000000008003bd30                beginState_WakeupReverse__11daEnShell_cFv = 0x8003bd30
                0x000000008003bd60                executeState_WakeupReverse__11daEnShell_cFv = 0x8003bd60
                0x000000008003bd50                endState_WakeupReverse__11daEnShell_cFv = 0x8003bd50
                0x000000008003bc30                beginState_WakeupTurn__11daEnShell_cFv = 0x8003bc30
                0x000000008003bc80                executeState_WakeupTurn__11daEnShell_cFv = 0x8003bc80
                0x000000008003bc70                endState_WakeupTurn__11daEnShell_cFv = 0x8003bc70
                0x0000000080039690                _vf2C8__11daEnShell_cFv = 0x80039690
                0x000000008003aa60                _vf2CC__11daEnShell_cFv = 0x8003aa60
                0x00000000800389d0                relatedToSpriteCollision__11daEnShell_cFv = 0x800389d0
                0x0000000080039000                _vf2D4__11daEnShell_cFv = 0x80039000
                0x00000000800392b0                isNotSliding__11daEnShell_cFv = 0x800392b0
                0x0000000080038ff0                relatedToYoshiOrPlayerCollision__11daEnShell_cFv = 0x80038ff0
                0x000000008003bd20                _vf2E0__11daEnShell_cFv = 0x8003bd20
                0x000000008003bd10                turnSlightly__11daEnShell_cFv = 0x8003bd10
                0x000000008003a410                _vf2E8__11daEnShell_cFv = 0x8003a410
                0x0000000080039790                spawnKickHitEffect__11daEnShell_cFv = 0x80039790
                0x000000008003be60                _vf2F0__11daEnShell_cFv = 0x8003be60
                0x0000000080038660                _vf2F4__11daEnShell_cFv = 0x80038660
                0x000000008003bb30                spawnTailEffect__11daEnShell_cFv = 0x8003bb30
                0x000000008003a210                _vf2FC__11daEnShell_cFv = 0x8003a210
                0x000000008003a3a0                rotateShell__11daEnShell_cFv = 0x8003a3a0
                0x0000000080038be8                loc_80038BE8 = 0x80038be8
                0x0000000080376e88                Yoshi_EatNoneState = 0x80376e88
                0x000000008014ed00                daYoshi_c_sub_8014EE40 = 0x8014ed00
                0x000000008014e660                endState_HipAttack_orig__9daYoshi_cFv = 0x8014e660
                0x0000000080046bb0                onExecute_orig__9daYoshi_cFv = 0x80046bb0
                0x000000008014e660                endState_HipAttack_orig__10daYoshi2_cFv = 0x8014e660
                0x0000000080046bb0                onExecute_orig__10daYoshi2_cFv = 0x80046bb0
                0x000000008014f840                doSwallow__9daYoshi_cFv = 0x8014f840
                0x000000008014f86c                doThisStupidAnimationYouAsshole = 0x8014f86c
                0x0000000080049544                originalHipAttackStage4Continue = 0x80049544
                0x000000008042a328                instance__14dGameDisplay_c = 0x8042a328
                0x0000000080157a30                onCreate_orig__14dGameDisplay_cFv = 0x80157a30
                0x0000000080157f90                onExecute_orig__14dGameDisplay_cFv = 0x80157f90
                0x0000000080054b4c                ContinueFromFlyingYoshi = 0x80054b4c
                0x00000000809129b0                daYoshiFire_c_vf8C__FP13dStageActor_cP13dStageActor_c = 0x809129b0
                0x000000008005e500                getHeldDown__14dPlayerInput_c = 0x8005e500
                0x000000008005e4f0                getHeldUp__14dPlayerInput_c = 0x8005e4f0
                0x000000008005e4f0                _ZN14dPlayerInput_c9getHeldUpEv = 0x8005e4f0
                0x000000008005e300                detectGroundPound__14dPlayerInput_c = 0x8005e300
                0x000000008005e300                _ZN14dPlayerInput_c17detectGroundPoundEv = 0x8005e300
                0x000000008005e580                getHeldTwo__14dPlayerInput_c = 0x8005e580
                0x000000008005e580                getHeldTwo__14dPlayerInput_cFv = 0x8005e580
                0x000000008005e580                _ZN14dPlayerInput_c10getHeldTwoEv = 0x8005e580
                0x000000008023b360                GetResNodeNumEntries__Q34nw4r3g3d6ResMdlCFv = 0x8023b360
                0x00000000801d5540                MEMAllocFromAllocator = 0x801d5540
                0x000000008034e690                __vt__Q34nw4r3g3d9AnmObjChr = 0x8034e690
                0x000000008034e588                __vt__Q34nw4r3g3d12AnmObjChrRes = 0x8034e588
                0x0000000080241690                GetAnmResult__Q34nw4r3g3d9ResAnmChrCFPQ34nw4r3g3d12ChrAnmResultUlf = 0x80241690
                0x00000000800d5dd0                StartAnimOrig = 0x800d5dd0
                0x000000008014b920                YoshiStateOrig = 0x8014b920
                0x0000000080234a80                Exception_Printf___Q24nw4r2dbFPCce = 0x80234a80
                0x0000000080839b04                ContinueFromFuckLineLiftActivation = 0x80839b04
                0x00000000800b4de0                CanExitThisLevel = 0x800b4de0
                0x0000000080001800                LoaderDotBinPointer = 0x80001800
                0x00000000801017d4                ContinueFromConsole = 0x801017d4
                0x0000000080146714                ContinueFromTinyTable = 0x80146714
                0x000000008091ec78                ContinueFromLoadingCRSIN = 0x8091ec78
                0x0000000080022858                ContinueFromAlternateQBlock = 0x80022858
                0x000000008013c2dc                ContinueFromPropellerBegin = 0x8013c2dc
                0x00000000802ee320                QBlockTable = 0x802ee320
                0x000000008013ba60                ret0ice = 0x8013ba60
                0x000000008013ba64                retice = 0x8013ba64
                0x000000008013c260                retice2 = 0x8013c260
                0x00000000800389e0                playerCollision_orig__10daEnNoko_cFP13ActivePhysicsP13ActivePhysics = 0x800389e0
                0x0000000080a72610                onCreate_orig__10daEnNoko_cFv = 0x80a72610
                0x0000000080039590                addScoreWhenHit_orig__10daEnNoko_cFPv = 0x80039590
                0x00000000800389e0                playerCollision_orig__10daEnPata_cFP13ActivePhysicsP13ActivePhysics = 0x800389e0
                0x0000000080039590                addScoreWhenHit_orig__10daEnPata_cFPv = 0x80039590
                0x0000000080a72c00                onExecute_orig__10daEnPata_cFv = 0x80a72c00
                0x0000000080a49460                onCreate_orig__10BulletBillFv = 0x80a49460
                0x0000000080a49d90                playerCollision_orig__10BulletBillFP13ActivePhysicsP13ActivePhysics = 0x80a49d90
                0x0000000080a4a230                addScoreWhenHit_orig__10BulletBillFPv = 0x80a4a230
                0x0000000080a4d070                ContinueFromSpikyFix = 0x80a4d070
                0x0000000080998d10                GabonRock_DropOutState = 0x80998d10
                0x0000000080998cd0                GabonRock_CrushState = 0x80998cd0
                0x000000008001ded0                forceHCGROPushBack = 0x8001ded0
                0x000000008001dec8                continueFromHCGRO = 0x8001dec8
                0x000000008042792e                DanceValues_AnimSpeed = 0x8042792e
                0x0000000080429d69                DanceValues_DummyBlockAndGrass = 0x80429d69
                0x0000000080429d6a                DanceValues_Bahps = 0x80429d6a
                0x0000000080429d6b                DanceValues_CreditsControl = 0x80429d6b
                0x000000008042a21f                CreditsModeActive = 0x8042a21f
                0x00000000800d90c0                GetRail = 0x800d90c0
                0x000000008042a008                instance__7Stage80 = 0x8042a008
                0x0000000080060254                continueAddToCoinCount = 0x80060254
                0x00000000800b3544                continueAddToScore = 0x800b3544
                0x00000000800b5180                StaffCreditsAddCoin = 0x800b5180
                0x00000000802bc3c4                ContinueFromEFBMagic2 = 0x802bc3c4
                0x0000000080ab6dc0                TogeTekkyuIceballCollision = 0x80ab6dc0
                0x000000008042a4a8                _8042A788 = 0x8042a4a8
                0x000000008019c250                sub_8019C390 = 0x8019c250
                0x00000000807af730                dStockItem = 0x807af730
                0x00000000802e55a4                pow = 0x802e55a4
                0x0000000080157f90                onExecute_orig__14dGameDisplay_cFv = 0x80157f90
                0x0000000080157a30                onCreate_orig__14dGameDisplay_cFv = 0x80157a30
                0x000000008042a328                instance__14dGameDisplay_c = 0x8042a328
                0x00000000807f8b90                onCreate_orig__13daGabonRock_cFv = 0x807f8b90
                0x0000000080aa9860                onCreate_orig__12EN_STAR_COINFv = 0x80aa9860
                0x00000000809c8e50                onCreate_orig__12daEnBomhei_cFv = 0x809c8e50
                0x0000000080b12aa8                StateID_Sleep__12daEnBomhei_c = 0x80b12aa8
                0x00000000809c99e0                playerCollision_orig__12daEnBomhei_cFP13ActivePhysicsP13ActivePhysics = 0x809c99e0
                0x00000000809ca010                spriteCollision_orig__12daEnBomhei_cFP13ActivePhysicsP13ActivePhysics = 0x809ca010
                0x00000000801302b0                NoSwimBegin = 0x801302b0
                0x0000000080130274                YesSwimBegin = 0x80130274
                0x00000000801305f8                NoSwimHip0a = 0x801305f8
                0x00000000801305d0                YesSwimHip0a = 0x801305d0
                0x0000000080130674                NoSwimHip0b = 0x80130674
                0x0000000080130684                YesSwimHip0b = 0x80130684
                0x0000000080130c3c                NoSwimHip1 = 0x80130c3c
                0x0000000080130c30                YesSwimHip1 = 0x80130c30
                0x00000000801314ac                NoSwimHip2 = 0x801314ac
                0x0000000080131494                YesSwimHip2 = 0x80131494
                0x000000008013189c                NoSwimHip3a = 0x8013189c
                0x00000000801318a8                YesSwimHip3a = 0x801318a8
                0x0000000080131954                NoSwimHip3b = 0x80131954
                0x0000000080131944                YesSwimHip3b = 0x80131944
                0x0000000080b8c370                StateID_Wait__24daEnBossKoopaDemoPeach_c = 0x80b8c370
                0x0000000080b8c3b0                StateID_Call__24daEnBossKoopaDemoPeach_c = 0x80b8c3b0
                0x0000000080b8c3f0                StateID_Turn__24daEnBossKoopaDemoPeach_c = 0x80b8c3f0
                0x0000000080b8c430                StateID_Open__24daEnBossKoopaDemoPeach_c = 0x80b8c430
                0x0000000080b8c470                StateID_Rescue__24daEnBossKoopaDemoPeach_c = 0x80b8c470
                0x0000000080b8c4b0                StateID_Thank__24daEnBossKoopaDemoPeach_c = 0x80b8c4b0
                0x0000000080301504                __vt__12daBossDemo_c = 0x80301504
                0x000000008001ccb0                onExecute__12daBossDemo_cFv = 0x8001ccb0
                0x000000008001ccf0                onDraw__12daBossDemo_cFv = 0x8001ccf0
                0x000000008001cd00                willBeDeleted__12daBossDemo_cFv = 0x8001cd00
                0x000000008001cd10                onDelete__12daBossDemo_cFv = 0x8001cd10
                0x000000008001d190                endState_BattleEdDemo__12daBossDemo_cFv = 0x8001d190
                0x000000008001d1a0                executeState_BattleEdDemo__12daBossDemo_cFv = 0x8001d1a0
                0x000000008001d180                beginState_BattleEdDemo__12daBossDemo_cFv = 0x8001d180
                0x000000008001d100                endState_BattleIn__12daBossDemo_cFv = 0x8001d100
                0x000000008001d110                executeState_BattleIn__12daBossDemo_cFv = 0x8001d110
                0x000000008001d090                beginState_BattleIn__12daBossDemo_cFv = 0x8001d090
                0x000000008001d070                endState_BattleStDemo__12daBossDemo_cFv = 0x8001d070
                0x000000008001d080                executeState_BattleStDemo__12daBossDemo_cFv = 0x8001d080
                0x000000008001d060                beginState_BattleStDemo__12daBossDemo_cFv = 0x8001d060
                0x000000008001cf60                endState_Ready__12daBossDemo_cFv = 0x8001cf60
                0x000000008001cf70                executeState_Ready__12daBossDemo_cFv = 0x8001cf70
                0x000000008001cf50                beginState_Ready__12daBossDemo_cFv = 0x8001cf50
                0x000000008001ce00                beatLevel__12daBossDemo_cFv = 0x8001ce00
                0x000000008001ce40                exitLevel__12daBossDemo_cFv = 0x8001ce40
                0x0000000080429d88                instance__19BalloonRelatedClass = 0x80429d88
                0x00000000802f1350                PlayerAnimStates = 0x802f1350
                0x000000008011a6f0                ContinueFromFixFireballSensorSetup = 0x8011a6f0
                0x00000000800b37e0                GetPosForLayoutEffect__FP4VEC3b = 0x800b37e0
                0x0000000080a123cc                ContinueFromJustOneBomb = 0x80a123cc
                0x000000008015f4f0                SmoothRotation__FPsss = 0x8015f4f0
                0x000000008081f420                KazanRock_OriginalCollisionCallback = 0x8081f420
                0x000000008081f190                KazanRock_Explode = 0x8081f190
                0x000000008005fb90                GetPlayerOrYoshi__Fi = 0x8005fb90
                0x000000008005fb90                findByID__10daPlBase_cFi = 0x8005fb90
                0x000000008005f900                findByID__7dAcPy_cFi = 0x8005f900
                0x0000000080051f30                justFaceSpecificDirection__10daPlBase_cFi = 0x80051f30
                0x0000000080052080                moveInDirection__10daPlBase_cFPfPf = 0x80052080
                0x0000000080139950                getYoshi__7dAcPy_cFv = 0x80139950
                0x0000000080052170                setAnimePlayWithAnimID__10daPlBase_cFi = 0x80052170
                0x0000000080052290                setAnimePlayStandardType__10daPlBase_cFi = 0x80052290
                0x000000008005e3b0                setFlag__14dPlayerInput_cFQ214dPlayerInput_c5Flags = 0x8005e3b0
                0x000000008005e910                setPermanentForcedButtons__14dPlayerInput_cFUi = 0x8005e910
                0x000000008005e960                setTransientForcedButtons__14dPlayerInput_cFUi = 0x8005e960
                0x000000008005e930                unsetPermanentForcedButtons__14dPlayerInput_cFUi = 0x8005e930
                0x000000008005e780                areWeShaking__14dPlayerInput_cFv = 0x8005e780
                0x0000000080056c70                setFlag__10daPlBase_cFi = 0x80056c70
                0x0000000080056cb0                clearFlag__10daPlBase_cFi = 0x80056cb0
                0x0000000080056cf0                testFlag__10daPlBase_cFi = 0x80056cf0
                0x0000000080052030                isReadyForDemoControlAction__10daPlBase_cFv = 0x80052030
                0x000000008042a100                instance__15dWaterManager_c = 0x8042a100
                0x00000000800eb930                queryPosition__15dWaterManager_cFP7Point2dP7Point2dPfPsi = 0x800eb930
                0x00000000800a0c70                OriginalPowBlockActivated = 0x800a0c70
                0x0000000080002eee                isReplayEnabled = 0x80002eee
                0x00000000800b44d0                UpdateSelectCursor = 0x800b44d0
                0x000000008010c780                HideSelectCursor = 0x8010c780
                0x000000008042a2c8                SelectCursorPointer = 0x8042a2c8
                0x00000000807afb90                getIconPictureIDforPlayer__12dStockItem_cFi = 0x807afb90
                0x00000000800b32e0                CrapUpPositions__FP7Point3dPC7Point3d = 0x800b32e0
                0x00000000800fc914                ContinueFromCalcPowerupResult = 0x800fc914
                0x00000000800fc8dc                ContinueFromFixCalcPowerupResultForMushroom = 0x800fc8dc
                0x00000000807af9a8                ContinueFromSILayoutExtraStuffs = 0x807af9a8
                0x00000000807b0b3c                ContinueFromResetHammerAnimOnOpen = 0x807b0b3c
                0x00000000807af840                ContinueFromHideItemsByDefault = 0x807af840
                0x00000000807b0844                MakeSFISound = 0x807b0844
                0x00000000807b08a0                ContinueFromSIAddSound = 0x807b08a0
                0x00000000807b0d04                ChosenStartChoice = 0x807b0d04
                0x00000000807b2260                ContinueFromSISLayoutExtraStuffs = 0x807b2260
                0x00000000807b2528                ContinueFromUpdateSIS = 0x807b2528
                0x000000008042a310                EnemyBounceValue = 0x8042a310
                0x0000000080162d00                searchById__7fBase_cFUi = 0x80162d00
                0x0000000080162d50                searchByProfileId__7fBase_cFUsP7fBase_c = 0x80162d50
                0x0000000080162db0                searchByBaseType__7fBase_cFiP7fBase_c = 0x80162db0
                0x00000000800bb2e0                AddStockPowerup = 0x800bb2e0
                0x00000000808aafd0                continueFromStrongBox2 = 0x808aafd0
                0x00000000808aa4d8                continueFromStrongBox = 0x808aa4d8
                0x000000008042a4a8                _8042A788 = 0x8042a4a8
                0x000000008019c250                playFanfare__FPvi = 0x8019c250
                0x000000008019c9f0                somethingAboutSound__FPv = 0x8019c9f0
                0x0000000080262e90                AxVoice_SetADPCM = 0x80262e90
                0x0000000080281950                Voice_SetADPCMLoop = 0x80281950
                0x000000008027a200                DetachSound__Q34nw4r3snd11SoundHandleFv = 0x8027a200
                0x0000000080266440                Pause__Q44nw4r3snd6detail10BasicSoundFbi = 0x80266440
                0x0000000080266250                Stop__Q44nw4r3snd6detail10BasicSoundFi = 0x80266250
                0x00000000802674b0                SetPitch__Q44nw4r3snd6detail10BasicSoundFf = 0x802674b0
                0x0000000080267420                SetVolume__Q44nw4r3snd6detail10BasicSoundFfi = 0x80267420
                0x000000008027f890                StrmSound_SetTrackVolume = 0x8027f890
                0x000000008042a1b0                DontShowPreGame = 0x8042a1b0
                0x0000000080373d60                RESTART_CRSIN_LevelStartStruct = 0x80373d60
                0x00000000800ca574                DrawTheFuckingHat = 0x800ca574
                0x00000000800ca5a8                DontDrawTheFuckingHat = 0x800ca5a8
                0x000000008004e050                continueFromMpPauseFix1 = 0x8004e050
                0x0000000080141460                continueFromMpPauseFix2 = 0x80141460
                0x0000000080141164                continueFromMpPauseFix3 = 0x80141164
                0x00000000800fc9c0                CheckIfSinglePlayer = 0x800fc9c0
                0x00000000800e587c                TextWriterCrapContinue = 0x800e587c
                0x0000000080926b10                StockWMInit_LoadEffects__FPv = 0x80926b10
                0x0000000080093520                CleanUpEffectThings__Fv = 0x80093520
                0x00000000800934d0                FreeEffects__Fi = 0x800934d0
                0x0000000080093170                FreeBreff__Fi = 0x80093170
                0x00000000800931b0                FreeBreft__Fi = 0x800931b0
                0x0000000080092e30                __dt__18BGGMEffectRendererFv = 0x80092e30
                0x0000000080311608                __vt__18BGGMEffectRenderer = 0x80311608
                0x00000000802dc9a0                __construct_array = 0x802dc9a0
                0x00000000800cdc60                GetBMG__Fv = 0x800cdc60
                0x00000000802d7860                findStringForMessageID__Q23EGG6MsgResCFii = 0x802d7860
                0x00000000800c9a60                WriteBMGToTextBox__FPQ34nw4r3lyt7TextBoxPQ27dScript5Res_ciiie = 0x800c9a60
                0x00000000800c9e80                _Z26WriteParsedStringToTextBoxPN4nw4r3lyt7TextBoxEPKwiPA1_13__va_list_tagPN7dScript5Res_cE = 0x800c9e80
                0x00000000800c9b00                CheckForUSD1ShadowEntry__FPQ34nw4r3lyt7TextBox = 0x800c9b00
                0x00000000802ac460                GetExtUserDataNum__Q34nw4r3lyt4PaneCFv = 0x802ac460
                0x00000000801643b0                m2d__Anm_c__Load = 0x801643b0
                0x0000000080163e60                m2d__AnmResHandler_c__Load = 0x80163e60
                0x00000000801446e0                RealAcPyDtor = 0x801446e0
                0x00000000808c5500                RealWm2dPlayerDtor = 0x808c5500
                0x0000000004d27aea                WmPlayerDtor = 0x4d27aea
                0x000000008014b580                RealYoshiDtor = 0x8014b580
                0x00000000800b3be0                InsertIntIntoTextBox1 = 0x800b3be0
                0x00000000800b3b60                WriteNumberToTextBox__FPiPCiPQ34nw4r3lyt7TextBoxb = 0x800b3b60
                0x00000000800b3be0                WriteNumberToTextBox__FPiPQ34nw4r3lyt7TextBoxb = 0x800b3be0
                0x0000000080810480                __ct__20daJrClownForPlayer_cFv = 0x80810480
                0x0000000080810540                __dt__20daJrClownForPlayer_cFv = 0x80810540
                0x00000000800a3600                PClownCarExecute = 0x800a3600
                0x00000000800951d0                PClownCarAfterCreate = 0x800951d0
                0x0000000080810b90                PClownCarDraw = 0x80810b90
                0x0000000080811e70                PClownCarMove = 0x80811e70
                0x0000000080812104                ContinueFromClownCarDetectAdjacent = 0x80812104
                0x000000008042e2d0                sAllocatorFunc__FrmHeap = 0x8042e2d0
                0x000000008005ffb0                GetActivePlayerCount = 0x8005ffb0
                0x000000008005ffb0                GetCountofActivePlayers = 0x8005ffb0
                0x000000008005fef0                GetActiveLivingPlayerCount = 0x8005fef0
                0x0000000080082240                getEffectiveScreenLeft__19ClassWithCameraInfoFv = 0x80082240
                0x0000000080429e00                instance__19ClassWithCameraInfo = 0x80429e00
                0x000000008005b5d0                BowserExitDemoState = 0x8005b5d0
                0x00000000807cce10                MagicEnd = 0x807cce10
                0x0000000080804680                KeyLoopSet = 0x80804680
                0x00000000809b28e0                BigHanaPlayer = 0x809b28e0
                0x00000000809b2af0                BigHanaYoshi = 0x809b2af0
                0x00000000809b2da0                BigHanaWeirdGP = 0x809b2da0
                0x00000000809b2d10                BigHanaGroundPound = 0x809b2d10
                0x00000000809b3a70                BigHanaFireball = 0x809b3a70
                0x00000000809b3a40                BigHanaIceball = 0x809b3a40
                0x00000000801460f0                dAcPy_vf3F4 = 0x801460f0
                0x00000000801461d0                dAcPy_vf3F8 = 0x801461d0
                0x00000000801468d0                dAcPy_vf3FC = 0x801468d0
                0x0000000080047390                dAcPy_vf294 = 0x80047390
                0x00000000809ddba0                Cloud_death_execute = 0x809ddba0
                0x00000000809dfd60                Cloud_execute = 0x809dfd60
                0x000000008042a368                GlobalTickCount = 0x8042a368
                0x000000008005f900                GetSpecificPlayerActor = 0x8005f900
                0x0000000080162d00                Actor_SearchByID = 0x80162d00
                0x0000000080429cfa                TimeStopFlag = 0x80429cfa
                0x00000000800e39c8                TimerBranch = 0x800e39c8
                0x000000008042b864                MarioDescentRate = 0x8042b864
                0x00000000802f561c                MarioJumpArc = 0x802f561c
                0x000000008042b848                MarioJumpMax = 0x8042b848
                0x00000000802f5664                MiniMarioJumpArc = 0x802f5664
                0x000000008042b874                MarioSize = 0x8042b874
                0x0000000080064540                AlwaysDrawFlag = 0x80064540
                0x0000000080064544                AlwaysDrawBranch = 0x80064544
                0x00000000800b2ee0                GenerateRandomNumber = 0x800b2ee0
                0x00000000800ce8c0                OneofManySoundPlayers = 0x800ce8c0
                0x0000000080b12aa8                BombSleepState = 0x80b12aa8
                0x00000000800a0b08                NoFreezie = 0x800a0b08
                0x000000008042a070                GameTimer = 0x8042a070
                0x0000000080d25c18                GameTimerB = 0x80d25c18
                0x00000000800e1e60                DoSceneChange__FUsUiUi = 0x800e1e60
                0x0000000080237ba0                FrSqrt__Q24nw4r4mathFf = 0x80237ba0
                0x0000000080237bd0                SinFIdx__Q24nw4r4mathFf = 0x80237bd0
                0x0000000080237c40                CosFIdx__Q24nw4r4mathFf = 0x80237c40
                0x0000000080237ca0                SinCosFIdx__Q24nw4r4mathFPfPff = 0x80237ca0
                0x000000008042a44c                archiveHeap__5mHeap = 0x8042a44c
                0x000000008042a450                commandHeap__5mHeap = 0x8042a450
                0x000000008042a454                dylinkHeap__5mHeap = 0x8042a454
                0x000000008042a458                assertHeap__5mHeap = 0x8042a458
                0x0000000080377c48                gameHeaps__5mHeap = 0x80377c48
                0x00000000800db180                init__18StandOnTopColliderFP13dStageActor_cfffffsUcP7Point2d = 0x800db180
                0x00000000800db130                __ct__18StandOnTopColliderFv = 0x800db130
                0x0000000080044400                __dt__18StandOnTopColliderFv = 0x80044400
                0x00000000800db2f0                _ZN18StandOnTopCollider6updateEv = 0x800db2f0
                0x00000000800dae00                __dt__13BasicColliderFv = 0x800dae00
                0x000000008042a01c                globalListHead__13BasicCollider = 0x8042a01c
                0x00000000800dae80                addToList__13BasicColliderFv = 0x800dae80
                0x00000000800daed0                removeFromList__13BasicColliderFv = 0x800daed0
                0x00000000800db450                __ct__21RideableActorColliderFv = 0x800db450
                0x00000000800db4a0                init__21RideableActorColliderFP13dStageActor_cP7Point2dP7Point2d = 0x800db4a0
                0x00000000800db530                init__21RideableActorColliderFP13dStageActor_cffff = 0x800db530
                0x00000000800db590                setPosition__21RideableActorColliderFP7Point2dP7Point2d = 0x800db590
                0x00000000800db5f0                setPosition__21RideableActorColliderFffff = 0x800db5f0
                0x00000000800bc6b0                drawWithMatrix__21SomethingAboutShroomsFfP4mMtx = 0x800bc6b0
                0x000000008087f8d0                original_onCreate__13daObjKinoko_cFv = 0x8087f8d0
                0x0000000080429e98                instance__13dCourseFull_c = 0x80429e98
                0x000000008008e890                getRectByID__9dCourse_cFUcP5mRect = 0x8008e890
                0x000000008008e3d0                getNextGotoByID__9dCourse_cFUc = 0x8008e3d0
                0x0000000080057820                modifyPlayerPropertiesWithRollingObject = 0x80057820
                0x0000000080a582c0                EN_LandbarrelPlayerCollision = 0x80a582c0
                0x0000000080429d48                instance__16dStageActorMgr_c = 0x80429d48
                0x00000000807db420                StartBGMMusic = 0x807db420
                0x00000000807db430                StopBGMMusic = 0x807db430
                0x0000000080429f10                instance__11dStage32C_c = 0x80429f10
                0x0000000080429c94                instance__7WLClass = 0x80429c94
                0x000000008005ca50                disableDemoControl__7WLClassFb = 0x8005ca50
                0x000000008005c930                demoControlAllPlayers__7WLClassFv = 0x8005c930
                0x00000000800d8c60                ShakeScreen = 0x800d8c60
                0x000000008042a008                StageScreen = 0x8042a008
                0x0000000080137510                stunPlayer = 0x80137510
                0x0000000080137650                unstunPlayer = 0x80137650
                0x0000000080064680                createChild__13dStageActor_cFUsP13dStageActor_cUiP7Point3dP6S16VecUc = 0x80064680
                0x000000008001cdb0                GameMgrBossEndFunc = 0x8001cdb0
                0x00000000807c7f50                MakeMarioEnterDemoMode = 0x807c7f50
                0x000000008005ca50                MakeMarioExitDemoMode = 0x8005ca50
                0x000000008005ca50                ForceMarioExitDemoMode = 0x8005ca50
                0x0000000080052170                ResetPlayerState = 0x80052170
                0x000000008001cdb0                UpdateGameMgr = 0x8001cdb0
                0x0000000080056cb0                UnsetShit = 0x80056cb0
                0x0000000080999c24                StateID_DemoSt2__12daKameckDemo = 0x80999c24
                0x0000000080999c64                StateID_DemoSt__12daKameckDemo = 0x80999c64
                0x0000000080999ca4                StateID_DemoWait__12daKameckDemo = 0x80999ca4
                0x0000000080b8bfcc                StateID_Fall__13daBossKoopa_c = 0x80b8bfcc
                0x000000008099cfac                StateID_DemoWait__9daNeedles = 0x8099cfac
                0x000000008099cff0                StateID_DemoAwake__9daNeedles = 0x8099cff0
                0x000000008099d030                StateID_Idle__9daNeedles = 0x8099d030
                0x000000008099d070                StateID_Die__9daNeedles = 0x8099d070
                0x000000008035421c                StateID_None__7dPlayer = 0x8035421c
                0x000000008035425c                StateID_Walk__7dPlayer = 0x8035425c
                0x000000008035429c                StateID_Jump__7dPlayer = 0x8035429c
                0x000000008035469c                StateID_DemoNone__7dPlayer = 0x8035469c
                0x000000008035471c                StateID_DemoWait__7dPlayer = 0x8035471c
                0x0000000080354adc                StateID_DemoGoal__7dPlayer = 0x80354adc
                0x0000000080354b1c                StateID_DemoControl__7dPlayer = 0x80354b1c
                0x00000000808a94c0                PlayWrenchSound = 0x808a94c0
                0x000000008042a100                WaterManager = 0x8042a100
                0x00000000800eb930                CheckforLiquid = 0x800eb930
                0x0000000080b7e860                BowserFireballCollision = 0x80b7e860
                0x0000000080b3f220                BowserDamageAnmClr = 0x80b3f220
                0x0000000080b1f8f0                BowserDamageStepTwo = 0x80b1f8f0
                0x0000000080b1f910                BowserDamageNormal = 0x80b1f910
                0x0000000080098d80                BowserDamageKill = 0x80098d80
                0x0000000080b3f550                BowserDamageEnd = 0x80b3f550
                0x000000008008c3e0                ActivePhysics_InitWithStruct = 0x8008c3e0
                0x000000008008c330                ActivePhysics_AddToList = 0x8008c330
                0x000000008008c200                __ct__13ActivePhysicsFv = 0x8008c200
                0x000000008008c260                __dt__13ActivePhysicsFv = 0x8008c260
                0x000000008006cd90                HandleXSpeed = 0x8006cd90
                0x000000008006cde0                HandleYSpeed = 0x8006cde0
                0x000000008006cd40                UpdateObjectPosBasedOnSpeedValues_real = 0x8006cd40
                0x0000000080096240                dSprite_c__getXDirectionOfFurthestPlayerRelativeToVEC3 = 0x80096240
                0x0000000080064740                CalculateDistanceFromActorsNextPosToFurthestPlayer = 0x80064740
                0x00000000800955f0                doSpriteMovement = 0x800955f0
                0x0000000080429ee8                instance__17dEffectBreakMgr_c = 0x80429ee8
                0x00000000800925f0                spawnTile__17dEffectBreakMgr_cFP7Point3dUic = 0x800925f0
                0x0000000080070cb0                CollidedWithTile = 0x80070cb0
                0x0000000080096e60                SomeStrangeModification = 0x80096e60
                0x000000008006ced0                Actor_GetVec3WithValuesAdded = 0x8006ced0
                0x000000008006a4b0                ConvertStagePositionIntoScreenPosition__Maybe = 0x8006a4b0
                0x0000000080197f00                AnotherSoundRelatedFunction = 0x80197f00
                0x0000000080198fc0                YetAnotherSoundPlayer = 0x80198fc0
                0x0000000080196600                CheckIfPlayingSound = 0x80196600
                0x0000000080105240                RelatedToPlayingSoundsAlongsideAnims = 0x80105240
                0x000000008042a488                SoundRelatedClass = 0x8042a488
                0x0000000080195380                MapSoundPlayer = 0x80195380
                0x0000000080195090                PlaySoundWithFunctionB4 = 0x80195090
                0x000000008006a4b0                ConvertStagePositionToScreenPosition__FP7Point2dP7Point3d = 0x8006a4b0
                0x0000000080198c30                PlaySoundAtPosition__17SoundPlayingClassFiP7Point2dUi = 0x80198c30
                0x0000000080429d60                instance2__17SoundPlayingClass = 0x80429d60
                0x0000000080102260                ExitStage__Fiiii = 0x80102260
                0x0000000080102264                ExitStageRealRest = 0x80102264
                0x000000008042900c                LastPowerupStoreType = 0x8042900c
                0x000000008016f150                zero__4mMtxFv = 0x8016f150
                0x000000008016ebf0                rotationX__4mMtxFPs = 0x8016ebf0
                0x000000008016ecb0                applyRotationX__4mMtxFPs = 0x8016ecb0
                0x000000008016ed10                rotationY__4mMtxFPs = 0x8016ed10
                0x000000008016edd0                applyRotationY__4mMtxFPs = 0x8016edd0
                0x000000008016ee30                rotationZ__4mMtxFPs = 0x8016ee30
                0x000000008016eef0                applyRotationZ__4mMtxFPs = 0x8016eef0
                0x000000008016ef50                applyRotationYXZ__4mMtxFPsPsPs = 0x8016ef50
                0x000000008016efd0                applyRotationZYX__4mMtxFPsPsPs = 0x8016efd0
                0x00000000802dcca8                _savefpr_14 = 0x802dcca8
                0x00000000802dccac                _savefpr_15 = 0x802dccac
                0x00000000802dccb0                _savefpr_16 = 0x802dccb0
                0x00000000802dccb4                _savefpr_17 = 0x802dccb4
                0x00000000802dccb8                _savefpr_18 = 0x802dccb8
                0x00000000802dccbc                _savefpr_19 = 0x802dccbc
                0x00000000802dccc0                _savefpr_20 = 0x802dccc0
                0x00000000802dccc4                _savefpr_21 = 0x802dccc4
                0x00000000802dccc8                _savefpr_22 = 0x802dccc8
                0x00000000802dcccc                _savefpr_23 = 0x802dcccc
                0x00000000802dccd0                _savefpr_24 = 0x802dccd0
                0x00000000802dccd4                _savefpr_25 = 0x802dccd4
                0x00000000802dccd8                _savefpr_26 = 0x802dccd8
                0x00000000802dccdc                _savefpr_27 = 0x802dccdc
                0x00000000802dcce0                _savefpr_28 = 0x802dcce0
                0x00000000802dcce4                _savefpr_29 = 0x802dcce4
                0x00000000802dcce8                _savefpr_30 = 0x802dcce8
                0x00000000802dccec                _savefpr_31 = 0x802dccec
                0x00000000802dccf4                _restfpr_14 = 0x802dccf4
                0x00000000802dccf8                _restfpr_15 = 0x802dccf8
                0x00000000802dccfc                _restfpr_16 = 0x802dccfc
                0x00000000802dcd00                _restfpr_17 = 0x802dcd00
                0x00000000802dcd04                _restfpr_18 = 0x802dcd04
                0x00000000802dcd08                _restfpr_19 = 0x802dcd08
                0x00000000802dcd0c                _restfpr_20 = 0x802dcd0c
                0x00000000802dcd10                _restfpr_21 = 0x802dcd10
                0x00000000802dcd14                _restfpr_22 = 0x802dcd14
                0x00000000802dcd18                _restfpr_23 = 0x802dcd18
                0x00000000802dcd1c                _restfpr_24 = 0x802dcd1c
                0x00000000802dcd20                _restfpr_25 = 0x802dcd20
                0x00000000802dcd24                _restfpr_26 = 0x802dcd24
                0x00000000802dcd28                _restfpr_27 = 0x802dcd28
                0x00000000802dcd2c                _restfpr_28 = 0x802dcd2c
                0x00000000802dcd30                _restfpr_29 = 0x802dcd30
                0x00000000802dcd34                _restfpr_30 = 0x802dcd34
                0x00000000802dcd38                _restfpr_31 = 0x802dcd38
                0x00000000802dcd40                _savegpr_14 = 0x802dcd40
                0x00000000802dcd44                _savegpr_15 = 0x802dcd44
                0x00000000802dcd48                _savegpr_16 = 0x802dcd48
                0x00000000802dcd4c                _savegpr_17 = 0x802dcd4c
                0x00000000802dcd50                _savegpr_18 = 0x802dcd50
                0x00000000802dcd54                _savegpr_19 = 0x802dcd54
                0x00000000802dcd58                _savegpr_20 = 0x802dcd58
                0x00000000802dcd5c                _savegpr_21 = 0x802dcd5c
                0x00000000802dcd60                _savegpr_22 = 0x802dcd60
                0x00000000802dcd64                _savegpr_23 = 0x802dcd64
                0x00000000802dcd68                _savegpr_24 = 0x802dcd68
                0x00000000802dcd6c                _savegpr_25 = 0x802dcd6c
                0x00000000802dcd70                _savegpr_26 = 0x802dcd70
                0x00000000802dcd74                _savegpr_27 = 0x802dcd74
                0x00000000802dcd78                _savegpr_28 = 0x802dcd78
                0x00000000802dcd7c                _savegpr_29 = 0x802dcd7c
                0x00000000802dcd80                _savegpr_30 = 0x802dcd80
                0x00000000802dcd84                _savegpr_31 = 0x802dcd84
                0x00000000802dcd8c                _restgpr_14 = 0x802dcd8c
                0x00000000802dcd90                _restgpr_15 = 0x802dcd90
                0x00000000802dcd94                _restgpr_16 = 0x802dcd94
                0x00000000802dcd98                _restgpr_17 = 0x802dcd98
                0x00000000802dcd9c                _restgpr_18 = 0x802dcd9c
                0x00000000802dcda0                _restgpr_19 = 0x802dcda0
                0x00000000802dcda4                _restgpr_20 = 0x802dcda4
                0x00000000802dcda8                _restgpr_21 = 0x802dcda8
                0x00000000802dcdac                _restgpr_22 = 0x802dcdac
                0x00000000802dcdb0                _restgpr_23 = 0x802dcdb0
                0x00000000802dcdb4                _restgpr_24 = 0x802dcdb4
                0x00000000802dcdb8                _restgpr_25 = 0x802dcdb8
                0x00000000802dcdbc                _restgpr_26 = 0x802dcdbc
                0x00000000802dcdc0                _restgpr_27 = 0x802dcdc0
                0x00000000802dcdc4                _restgpr_28 = 0x802dcdc4
                0x00000000802dcdc8                _restgpr_29 = 0x802dcdc8
                0x00000000802dcdcc                _restgpr_30 = 0x802dcdcc
                0x00000000802dcdd0                _restgpr_31 = 0x802dcdd0
                0x00000000802dd1ec                __shl2i = 0x802dd1ec
                0x00000000802b9210                __nw__FUl = 0x802b9210
                0x00000000802b9280                __dl__FPv = 0x802b9280
                0x00000000802b9290                __dla__FPv = 0x802b9290
                0x00000000802dc7e0                __construct_new_array = 0x802dc7e0
                0x00000000802dcb10                __destroy_new_array = 0x802dcb10
                0x00000000802dca98                __destroy_arr = 0x802dca98
                0x0000000080024c20                sub_80024C20 = 0x80024c20
                0x00000000802dc780                __register_global_object = 0x802dc780
                0x00000000802dcbfc                __ptmf_scall = 0x802dcbfc
                0x000000008015f600                setup__13FunctionChainFPPFPv_bUs = 0x8015f600
                0x000000008006cf40                __ct__14collisionMgr_c = 0x8006cf40
                0x000000008006cf40                __dt__14collisionMgr_c = 0x8006cf40
                0x000000008006cfe0                clear1__14collisionMgr_cFv = 0x8006cfe0
                0x000000008006d000                clear2__14collisionMgr_cFv = 0x8006d000
                0x000000008006d090                init__14collisionMgr_cFP13dStageActor_cPC12sensorBase_sPC12sensorBase_sPC12sensorBase_s = 0x8006d090
                0x000000008006d440                Clear3__14collisionMgr_cFv = 0x8006d440
                0x000000008006db30                calculateBelowCollision__14collisionMgr_cFv = 0x8006db30
                0x0000000080070cb0                isOnTopOfTile__14collisionMgr_cCFv = 0x80070cb0
                0x000000008006ef40                calculateAboveCollision__14collisionMgr_cFUi = 0x8006ef40
                0x0000000080072bc0                calculateBelowCollisionWithSmokeEffect__14collisionMgr_cFv = 0x80072bc0
                0x000000008006fa40                calculateAdjacentCollision__14collisionMgr_cFPf = 0x8006fa40
                0x0000000080070760                s_80070760__14collisionMgr_cFv = 0x80070760
                0x00000000800707e0                s_800707E0__14collisionMgr_cFv = 0x800707e0
                0x0000000080070ba0                getTileBehaviour1At__14collisionMgr_cFffUc = 0x80070ba0
                0x0000000080070c40                getTileBehaviour1At__14collisionMgr_cFUsUsUc = 0x80070c40
                0x0000000080070bf0                getTileBehaviour2At__14collisionMgr_cFffUc = 0x80070bf0
                0x0000000080070c60                getTileBehaviour2At__14collisionMgr_cFUsUsUc = 0x80070c60
                0x0000000080070720                getBelowSubType__14collisionMgr_c = 0x80070720
                0x0000000080070720                _ZN14collisionMgr_c15getBelowSubTypeEv = 0x80070720
                0x00000000800b8440                __ct_11freezeMgr_c = 0x800b8440
                0x00000000800b84e0                __dt__11freezeMgr_cFv = 0x800b84e0
                0x00000000800b8550                doSomethingCool1__11freezeMgr_c = 0x800b8550
                0x00000000800b8620                doSomethingCool2__11freezeMgr_c = 0x800b8620
                0x00000000800b86f0                setSomething__11freezeMgr_cFUiUiUi = 0x800b86f0
                0x00000000800b8700                Create_ICEACTORs__11freezeMgr_cFPvi = 0x800b8700
                0x00000000800b8850                Delete_ICEACTORs__11freezeMgr_c = 0x800b8850
                0x00000000800b88d0                SetIceTimer_pt1__11freezeMgr_c = 0x800b88d0
                0x00000000800b8930                SetIceTimer_pt2__11freezeMgr_c = 0x800b8930
                0x00000000800b89b0                CheckIceTimer_lte_Value__11freezeMgr_c = 0x800b89b0
                0x00000000800b8a20                doSomethingCool3__11freezeMgr_c = 0x800b8a20
                0x00000000800b8ab0                doSomethingCool4__11freezeMgr_c = 0x800b8ab0
                0x00000000800b8b30                doSomethingCool5__11freezeMgr_c = 0x800b8b30
                0x00000000800b8bb0                doSomethingCool6__11freezeMgr_c = 0x800b8bb0
                0x00000000800b8c30                DoMeltNormal__11freezeMgr_c = 0x800b8c30
                0x00000000800b8cf0                doSomethingCool7__11freezeMgr_c = 0x800b8cf0
                0x00000000800b8ee0                CheckCountdownTimer__11freezeMgr_c = 0x800b8ee0
                0x0000000080329410                __vt__7fBase_c = 0x80329410
                0x0000000080161d80                onCreate__7fBase_cFv = 0x80161d80
                0x0000000080161e30                onDelete__7fBase_cFv = 0x80161e30
                0x00000000801620d0                onExecute__7fBase_cFv = 0x801620d0
                0x00000000801622d0                willBeDeleted__7fBase_cFv = 0x801622d0
                0x00000000801625f0                moreHeapShit__7fBase_cFUiPv = 0x801625f0
                0x00000000801627f0                createHeap__7fBase_cFUiPv = 0x801627f0
                0x00000000801628b0                heapCreated__7fBase_cFv = 0x801628b0
                0x0000000080162510                Delete__7fBase_cFv = 0x80162510
                0x00000000801629b0                findNextUninitialisedProcess__7fBase_cFv = 0x801629b0
                0x0000000080162a20                hasUninitialisedProcesses__7fBase_cFv = 0x80162a20
                0x00000000801621d0                onDraw__7fBase_cFv = 0x801621d0
                0x0000000080162510                _Z15fBase_c__DeletePv = 0x80162510
                0x0000000080162510                fBase_c__Delete__FPv = 0x80162510
                0x0000000080317860                __vt__15StageActorLight = 0x80317860
                0x00000000800cca80                init__15StageActorLightFPvi = 0x800cca80
                0x00000000800ccb40                update__15StageActorLight = 0x800ccb40
                0x00000000800ccbf0                draw__15StageActorLight = 0x800ccbf0
                0x00000000800ccbf0                _ZN15StageActorLight6updateEv = 0x800ccbf0
                0x00000000800ccbf0                _ZN15StageActorLight4drawEv = 0x800ccbf0
                0x00000000800414a0                __dt__15StageActorLight = 0x800414a0
                0x000000008006c660                GetExplanationString__7dBase_cFv = 0x8006c660
                0x0000000080301ea8                __vt__15daEnBlockMain_c = 0x80301ea8
                0x0000000080023340                __dt__15daEnBlockMain_cFv = 0x80023340
                0x0000000080022e80                calledWhenUpMoveBegins__15daEnBlockMain_cFv = 0x80022e80
                0x0000000080022f60                calledWhenDownMoveBegins__15daEnBlockMain_cFv = 0x80022f60
                0x0000000080022f30                calledWhenUpMoveExecutes__15daEnBlockMain_cFv = 0x80022f30
                0x00000000800231a0                calledWhenUpMoveDiffExecutes__15daEnBlockMain_cFv = 0x800231a0
                0x0000000080023010                calledWhenDownMoveExecutes__15daEnBlockMain_cFv = 0x80023010
                0x0000000080023080                calledWhenDownMoveEndExecutes__15daEnBlockMain_cFv = 0x80023080
                0x00000000800232c0                calledWhenDownMoveDiffExecutes__15daEnBlockMain_cFv = 0x800232c0
                0x0000000080023330                calledWhenDownMoveDiffEndExecutes__15daEnBlockMain_cFv = 0x80023330
                0x0000000080022dc0                updateScale__15daEnBlockMain_cFb = 0x80022dc0
                0x0000000080022e60                upMove_Begin__15daEnBlockMain_cFv = 0x80022e60
                0x0000000080022ea0                upMove_Execute__15daEnBlockMain_cFv = 0x80022ea0
                0x0000000080022e90                upMove_End__15daEnBlockMain_cFv = 0x80022e90
                0x0000000080022f40                downMove_Begin__15daEnBlockMain_cFv = 0x80022f40
                0x0000000080022f80                downMove_Execute__15daEnBlockMain_cFv = 0x80022f80
                0x0000000080022f70                downMove_End__15daEnBlockMain_cFv = 0x80022f70
                0x0000000080023020                downMoveEnd_Begin__15daEnBlockMain_cFv = 0x80023020
                0x0000000080023040                downMoveEnd_Execute__15daEnBlockMain_cFv = 0x80023040
                0x0000000080023030                downMoveEnd_End__15daEnBlockMain_cFv = 0x80023030
                0x0000000080023090                upMove_Diff_Begin__15daEnBlockMain_cFv = 0x80023090
                0x00000000800230d0                upMove_Diff_Execute__15daEnBlockMain_cFv = 0x800230d0
                0x00000000800230c0                upMove_Diff_End__15daEnBlockMain_cFv = 0x800230c0
                0x00000000800231b0                downMove_Diff_Begin__15daEnBlockMain_cFv = 0x800231b0
                0x00000000800231f0                downMove_Diff_Execute__15daEnBlockMain_cFv = 0x800231f0
                0x00000000800231e0                downMove_Diff_End__15daEnBlockMain_cFv = 0x800231e0
                0x00000000800232d0                downMove_DiffEnd_Begin__15daEnBlockMain_cFv = 0x800232d0
                0x00000000800232f0                downMove_DiffEnd_Execute__15daEnBlockMain_cFv = 0x800232f0
                0x00000000800232e0                downMove_DiffEnd_End__15daEnBlockMain_cFv = 0x800232e0
                0x0000000080021690                blockInit__15daEnBlockMain_cFf = 0x80021690
                0x00000000800217b0                blockUpdate__15daEnBlockMain_cFv = 0x800217b0
                0x00000000800212c0                blockResult__15daEnBlockMain_cFv = 0x800212c0
                0x0000000080021180                PhysicsCallback1__15daEnBlockMain_c = 0x80021180
                0x0000000080021170                PhysicsCallback2__15daEnBlockMain_c = 0x80021170
                0x00000000800211a0                PhysicsCallback3__15daEnBlockMain_c = 0x800211a0
                0x0000000080020bf0                OPhysicsCallback1__15daEnBlockMain_c = 0x80020bf0
                0x0000000080020e70                OPhysicsCallback2__15daEnBlockMain_c = 0x80020e70
                0x0000000080021010                OPhysicsCallback3__15daEnBlockMain_c = 0x80021010
                0x0000000080352a34                StateID_UpMove__15daEnBlockMain_c = 0x80352a34
                0x0000000080352a74                StateID_DownMove__15daEnBlockMain_c = 0x80352a74
                0x0000000080352ab4                StateID_DownMoveEnd__15daEnBlockMain_c = 0x80352ab4
                0x0000000080352af4                StateID_UpMove_Diff__15daEnBlockMain_c = 0x80352af4
                0x0000000080352b34                StateID_DownMove_Diff__15daEnBlockMain_c = 0x80352b34
                0x0000000080352b74                StateID_DownMove_DiffEnd__15daEnBlockMain_c = 0x80352b74
                0x0000000080094e80                __ct__5dEn_cFv = 0x80094e80
                0x0000000080095130                __dt__5dEn_cFv = 0x80095130
                0x0000000080097050                sub_80097050__5dEn_cFv = 0x80097050
                0x0000000080096f60                manageBelowCollision__5dEn_cFv = 0x80096f60
                0x00000000800951d0                afterCreate__5dEn_cFi = 0x800951d0
                0x0000000080095240                beforeExecute__5dEn_cFv = 0x80095240
                0x0000000080095480                afterExecute__5dEn_cFi = 0x80095480
                0x00000000800954a0                beforeDraw__5dEn_cFv = 0x800954a0
                0x0000000080097f70                kill__5dEn_cFv = 0x80097f70
[...]
                0x000000000007b520                .dwarf.0007.StateID_Move__14daEnGakeNoko_c
                0x000000000007b58b                .dwarf.0007.gameHeaps__5mHeap
                0x000000000007b866                .dwarf.0002.dState_c<12daKameckDemo>::dState_c
                0x000000000007b957                .dwarf.0007.StateID_DemoSt2__12daKameckDemo
                0x000000000007b9a6                .dwarf.0007.StateID_DemoSt__12daKameckDemo
                0x000000000007b9f3                .dwarf.0007.StateID_DemoWait__12daKameckDemo
                0x000000000007bb12                .dwarf.0002.dStage32C_c::dStage32C_c
                0x000000000007bf5b                .dwarf.0007.instance__11dStage32C_c
                0x000000000007bf9e                .dwarf.0007.StateID_DieFall__5dEn_c
                0x000000000007bfe5                .dwarf.0007.BGScaleBack
                0x000000000007c00e                .dwarf.0007.BGScaleFront
                0x000000000007c038                .dwarf.0007.GameTimer
                0x000000000007c07d                .dwarf.0007.Player_Flags
                0x000000000007c0a7                .dwarf.0007.BGScaleEnabled
                0x000000000007c0d1                .dwarf.0007.GlobalStarsCollected
                0x000000000007c101                .dwarf.0007.ZOrderOn
                0x000000000007c125                .dwarf.0007.AlwaysDrawBranch
                0x000000000007c151                .dwarf.0007.AlwaysDrawFlag
                0x000000000007c17b                .dwarf.0007.SizerOn
                0x000000000007c19e                .dwarf.0007.GlobalRiderSize
                0x000000000007c1c9                .dwarf.0007.GlobalSpriteSpeed
                0x000000000007c1f6                .dwarf.0007.GlobalSpriteSize
                0x000000000007c222                .dwarf.0007.MiniMarioJumpArc
                0x000000000007c24e                .dwarf.0007.MarioJumpArc
                0x000000000007c276                .dwarf.0007.MarioJumpMax
                0x000000000007c29e                .dwarf.0007.MarioDescentRate
                0x000000000007c2ca                .dwarf.0007.ArchiveHeap
                0x000000000007c31f                .dwarf.0013.StartLevelInfo::StartLevelInfo
                0x000000000007c4d4                .dwarf.0007.RESTART_CRSIN_LevelStartStruct
                0x000000000007c510                .dwarf.0007.DontShowPreGame
                0x000000000007c53b                .dwarf.0007.instance__19ClassWithCameraInfo
                0x000000000007c5b4                .dwarf.0013.BgGmBase::something_s::something_s
                0x000000000007c6dc                .dwarf.0013.BgGmBase::limitLineEntry_s::limitLineEntry_s
                0x000000000007ca00                .dwarf.0013.BgGmBase::manualZoomEntry_s::manualZoomEntry_s
                0x000000000007cb7d                .dwarf.0013.BgGmBase::beets_s::beets_s
                0x000000000007cdd4                .dwarf.0002.BgGmBase::BgGmBase
                0x000000000007d04b                .dwarf.0002.dBgGm_c::dBgGm_c
                0x000000000007d0b5                .dwarf.0007.instance__7dBgGm_c
                0x000000000007d0f3                .dwarf.0007.instance__13dCourseFull_c
                0x000000000007d138                .dwarf.0007.StagePtr
                0x000000000007d543                .dwarf.0002.dFlagMgr_c::dFlagMgr_c
                0x000000000007d716                .dwarf.0007.instance__10dFlagMgr_c
                0x000000000007d9f8                .dwarf.0002.dState_c<15daEnBlockMain_c>::dState_c
                0x000000000007dae9                .dwarf.0007.StateID_DownMove__15daEnBlockMain_c
                0x000000000007db3d                .dwarf.0007.StateID_UpMove__15daEnBlockMain_c
                0x000000000007db8d                .dwarf.0007.PhysicsCallback3__15daEnBlockMain_c
                0x000000000007dbdf                .dwarf.0007.PhysicsCallback2__15daEnBlockMain_c
                0x000000000007dc31                .dwarf.0007.PhysicsCallback1__15daEnBlockMain_c
                0x000000000007dc83                .dwarf.0007.OPhysicsCallback3__15daEnBlockMain_c
                0x000000000007dcd7                .dwarf.0007.OPhysicsCallback2__15daEnBlockMain_c
                0x000000000007dd2b                .dwarf.0007.OPhysicsCallback1__15daEnBlockMain_c
                0x000000000007dd7f                .dwarf.0007.DVDClass
                0x000000000007dda3                .dwarf.0007.StateID_Thank__24daEnBossKoopaDemoPeach_c
                0x000000000007ddfa                .dwarf.0007.StateID_Rescue__24daEnBossKoopaDemoPeach_c
                0x000000000007de53                .dwarf.0007.StateID_Open__24daEnBossKoopaDemoPeach_c
                0x000000000007dea8                .dwarf.0007._8042A788
                0x000000000007decd                .dwarf.0007.StateID_Turn__24daEnBossKoopaDemoPeach_c
                0x000000000007df70                .dwarf.0002.BalloonRelatedClass::BalloonRelatedClass
                0x000000000007e004                .dwarf.0007.instance__19BalloonRelatedClass
                0x000000000007e0bd                .dwarf.0002.dStageActorMgr_c::dStageActorMgr_c
                0x000000000007e32d                .dwarf.0007.instance__16dStageActorMgr_c
                0x000000000007e3f7                .dwarf.0002.WLClass::WLClass
                0x000000000007e4ca                .dwarf.0007.instance__7WLClass
                0x000000000007e508                .dwarf.0007.SoundRelatedClass
                0x000000000007e600                .dwarf.0002.StageE4::StageE4
                0x000000000007e699                .dwarf.0007.instance__7StageE4
                0x000000000007e6d7                .dwarf.0007.globalListHead__13BasicCollider
                0x000000000007e728                .dwarf.0007.globalListHead__7Physics
                0x000000000007e772                .dwarf.0007.globalListHead__13ActivePhysics
                0x000000000007e7e3                .dwarf.0007.GameHeaps
                0x000000000007e82e                .dwarf.0007.spriteFiles
                0x000000000007e87a                .dwarf.0007.profileNames
                0x000000000007e8c9                .dwarf.0007.originalProfiles
                0x000000000007e8f7                .dwarf.0007.ObjectProfileList
                0x000000000007e94c                .dwarf.0007.originalSprites
                0x000000000007ea1f                .dwarf.0006.sqrtf__Ff
                0x000000000007eb0d                .dwarf.0006.FastS16toFloat__Fs
                0x000000000007ebc1                .dwarf.0006.executeNextStateThisTick__36dStateWrapperBase_c<13dActorState_c>Fv
                0x000000000007ec6f                .dwarf.0006.setState__36dStateWrapperBase_c<13dActorState_c>FP12dStateBase_c
                0x000000000007ed3b                .dwarf.0006.__dt__Q34nw4r3snd11SoundHandleFv
                0x000000000007edb1                .dwarf.0006.getCurrentState__33dStateWrapperBase_c<10daPlBase_c>Fv
                0x000000000007ee53                .dwarf.0006.__dt__35dStateWrapper_c<16dMsgBoxManager_c>Fv
                0x000000000007eed6                .dwarf.0006.__dt__39dStateWrapperBase_c<16dMsgBoxManager_c>Fv
                0x000000000007ef5d                .dwarf.0006.__ct__39dStateWrapperBase_c<16dMsgBoxManager_c>FP16dMsgBoxManager_cP28dState_c<16dMsgBoxManager_c>
                0x000000000007f07f                .dwarf.0006.execute__39dStateWrapperBase_c<16dMsgBoxManager_c>Fv
                0x000000000007f10e                .dwarf.0006.setState__39dStateWrapperBase_c<16dMsgBoxManager_c>FP12dStateBase_c
                0x000000000007f1dd                .dwarf.0006.SetVisible__Q34nw4r3lyt4PaneFb
                0x000000000007f274                .dwarf.0006.__ct__12lineSensor_sFiii
                0x000000000007f33c                .dwarf.0006.Player_VF3D4__FPv
                0x000000000007f3c7                .dwarf.0006.__dt__29dStateWrapper_c<10dSingAlong>Fv
                0x000000000007f444                .dwarf.0006.__dt__33dStateWrapperBase_c<10dSingAlong>Fv
                0x000000000007f4c5                .dwarf.0006.__ct__33dStateWrapperBase_c<10dSingAlong>FP10dSingAlongP22dState_c<10dSingAlong>
                0x000000000007f5d5                .dwarf.0006.setState__33dStateWrapperBase_c<10dSingAlong>FP12dStateBase_c
                0x000000000007f69e                .dwarf.0006.execute__33dStateWrapperBase_c<10dSingAlong>Fv
                0x000000000007f727                .dwarf.0006.__ct__12lineSensor_sFUiiii
                0x000000000007f813                .dwarf.0006.getPreviousState__39dStateWrapperBase_c<16dMsgBoxManager_c>Fv
                0x000000000007f8bd                .dwarf.0006.getCurrentState__39dStateWrapperBase_c<16dMsgBoxManager_c>Fv
                0x000000000007f965                .dwarf.0006.getNextState__39dStateWrapperBase_c<16dMsgBoxManager_c>Fv
                0x000000000007fa07                .dwarf.0006.getCurrentStateMethodExecutor__39dStateWrapperBase_c<16dMsgBoxManager_c>Fv
                0x000000000007facb                .dwarf.0006.executeNextStateThisTick__39dStateWrapperBase_c<16dMsgBoxManager_c>Fv
                0x000000000007fb7c                .dwarf.0006.endCurrentState__39dStateWrapperBase_c<16dMsgBoxManager_c>Fv
                0x000000000007fc1b                .dwarf.0006.ensureStateHasBegun__39dStateWrapperBase_c<16dMsgBoxManager_c>Fv
                0x000000000007fcc2                .dwarf.0006.getPreviousState__33dStateWrapperBase_c<10dSingAlong>Fv
                0x000000000007fd66                .dwarf.0006.getCurrentState__33dStateWrapperBase_c<10dSingAlong>Fv
                0x000000000007fe08                .dwarf.0006.getNextState__33dStateWrapperBase_c<10dSingAlong>Fv
                0x000000000007fea4                .dwarf.0006.getCurrentStateMethodExecutor__33dStateWrapperBase_c<10dSingAlong>Fv
                0x000000000007ff62                .dwarf.0006.executeNextStateThisTick__33dStateWrapperBase_c<10dSingAlong>Fv
                0x000000000008000d                .dwarf.0006.endCurrentState__33dStateWrapperBase_c<10dSingAlong>Fv
                0x00000000000800a6                .dwarf.0006.ensureStateHasBegun__33dStateWrapperBase_c<10dSingAlong>Fv
                0x0000000000080147                .dwarf.0006.beginSomething__12daBossDemo_cFv
                0x0000000000080199                .dwarf.0006.endSomething__12daBossDemo_cFv
                0x00000000000801e7                .dwarf.0006.getIdOfOtherActor__12daBossDemo_cFv
                0x000000000008026d                .dwarf.0006.setIdOfOtherActor__12daBossDemo_cFi
                0x000000000008030d                .dwarf.0006.vf128__12daBossDemo_cFv
                0x0000000000080351                .dwarf.0006.justReturnField3D4_decidesIfEndBattle__12daBossDemo_cFv
                0x00000000000803ff                .dwarf.0006.vf130__12daBossDemo_cFv
                0x0000000000080443                .dwarf.0006.getActorPointerForSomething__12daBossDemo_cFv
                0x0000000000080685                .dwarf.0006.executeNextStateThisTick__15dStateMgrBase_cFv
                0x0000000000080718                .dwarf.0006.getCurrentState__15dStateMgrBase_cFv
                0x00000000000807a2                .dwarf.0006.__dt__17dStatePointless_cFv
                0x0000000000080813                .dwarf.0006.__dt__11dStateMgr_cFv
                0x000000000008087e                .dwarf.0006.__dt__36dStateExecutor_c<16dMsgBoxManager_c>Fv
                0x0000000000080902                .dwarf.0006.__dt__26dStateMethodExecutorBase_cFv
                0x000000000008097c                .dwarf.0006.__dt__20dStateExecutorBase_cFv
                0x00000000000809f0                .dwarf.0006.__dt__42dStateMethodExecutor_c<16dMsgBoxManager_c>Fv
                0x0000000000080a7a                .dwarf.0006.__ct__36dStateExecutor_c<16dMsgBoxManager_c>FP16dMsgBoxManager_c
                0x0000000000080b49                .dwarf.0006.__ct__42dStateMethodExecutor_c<16dMsgBoxManager_c>FP16dMsgBoxManager_c
                0x0000000000080c18                .dwarf.0006.__dt__30dStateExecutor_c<10dSingAlong>Fv
                0x0000000000080c96                .dwarf.0006.__dt__36dStateMethodExecutor_c<10dSingAlong>Fv
                0x0000000000080d1a                .dwarf.0006.__ct__30dStateExecutor_c<10dSingAlong>FP10dSingAlong
                0x0000000000080ddd                .dwarf.0006.__ct__36dStateMethodExecutor_c<10dSingAlong>FP10dSingAlong
                0x0000000000080ea0                .dwarf.0006.callEnd__42dStateMethodExecutor_c<16dMsgBoxManager_c>Fv
                0x0000000000080f2c                .dwarf.0006.callExecute__42dStateMethodExecutor_c<16dMsgBoxManager_c>Fv
                0x0000000000080fc0                .dwarf.0006.callBegin__42dStateMethodExecutor_c<16dMsgBoxManager_c>Fv
                0x0000000000081050                .dwarf.0006.callEnd__36dStateMethodExecutor_c<10dSingAlong>Fv
                0x00000000000810d6                .dwarf.0006.callExecute__36dStateMethodExecutor_c<10dSingAlong>Fv
                0x0000000000081164                .dwarf.0006.callBegin__36dStateMethodExecutor_c<10dSingAlong>Fv
                0x00000000000811ee                .dwarf.0006.clearMethodExecutor__36dStateExecutor_c<16dMsgBoxManager_c>FPP26dStateMethodExecutorBase_c
                0x00000000000812b7                .dwarf.0006.getMethodExecutorForState__36dStateExecutor_c<16dMsgBoxManager_c>FP12dStateBase_c
                0x000000000008139e                .dwarf.0006.clearMethodExecutor__30dStateExecutor_c<10dSingAlong>FPP26dStateMethodExecutorBase_c
                0x0000000000081461                .dwarf.0006.getMethodExecutorForState__30dStateExecutor_c<10dSingAlong>FP12dStateBase_c
                0x0000000000081542                .dwarf.0006.getPreviousState__15dStateMgrBase_cFv
                0x00000000000815ce                .dwarf.0006.getNextState__15dStateMgrBase_cFv
                0x0000000000081652                .dwarf.0006.getCurrentStateMethodExecutor__15dStateMgrBase_cFv
                0x00000000000816f8                .dwarf.0006.returnsOne__17dStatePointless_cFv
                0x000000000008174b                .dwarf.0006.__ct__23dState_c<11dGoalRing_c>FPCcM11dGoalRing_cFPCvPv_vM11dGoalRing_cFPCvPv_vM11dGoalRing_cFPCvPv_v
                0x00000000000818a8                .dwarf.0006.__ct__22dState_c<10dGoombaPie>FPCcM10dGoombaPieFPCvPv_vM10dGoombaPieFPCvPv_vM10dGoombaPieFPCvPv_v
                0x0000000000081a01                .dwarf.0006.__ct__22dState_c<10dSongBlock>FPCcM10dSongBlockFPCvPv_vM10dSongBlockFPCvPv_vM10dSongBlockFPCvPv_v
                0x0000000000081b5a                .dwarf.0006.__ct__22dState_c<10dSingAlong>FPCcM10dSingAlongFPCvPv_vM10dSingAlongFPCvPv_vM10dSingAlongFPCvPv_v
                0x0000000000081cb3                .dwarf.0006.__ct__22dState_c<10dSongPrize>FPCcM10dSongPrizeFPCvPv_vM10dSongPrizeFPCvPv_vM10dSongPrizeFPCvPv_v
                0x0000000000081e0c                .dwarf.0006.__ct__25dState_c<13dThunderCloud>FPCcM13dThunderCloudFPCvPv_vM13dThunderCloudFPCvPv_vM13dThunderCloudFPCvPv_v
                0x0000000000081f71                .dwarf.0006.__ct__26dState_c<14daElectricLine>FPCcM14daElectricLineFPCvPv_vM14daElectricLineFPCvPv_vM14daElectricLineFPCvPv_v
                0x00000000000820da                .dwarf.0006.__ct__25dState_c<13daShyGuyGiant>FPCcM13daShyGuyGiantFPCvPv_vM13daShyGuyGiantFPCvPv_vM13daShyGuyGiantFPCvPv_v
                0x000000000008223f                .dwarf.0006.__ct__19dState_c<8daShyGuy>FPCcM8daShyGuyFPCvPv_vM8daShyGuyFPCvPv_vM8daShyGuyFPCvPv_v
                0x000000000008238c                .dwarf.0006.__ct__24dState_c<12daKoopaThrow>FPCcM12daKoopaThrowFPCvPv_vM12daKoopaThrowFPCvPv_vM12daKoopaThrowFPCvPv_v
                0x00000000000824ed                .dwarf.0006.__ct__27dState_c<15daCaptainBowser>FPCcM15daCaptainBowserFPCvPv_vM15daCaptainBowserFPCvPv_vM15daCaptainBowserFPCvPv_v
                0x000000000008265a                .dwarf.0006.__ct__20dState_c<9daDreidel>FPCcM9daDreidelFPCvPv_vM9daDreidelFPCvPv_vM9daDreidelFPCvPv_v
                0x00000000000827ab                .dwarf.0006.__ct__22dState_c<10daPodouble>FPCcM10daPodoubleFPCvPv_vM10daPodoubleFPCvPv_vM10daPodoubleFPCvPv_v
                0x0000000000082904                .dwarf.0006.__ct__23dState_c<11daSamurshai>FPCcM11daSamurshaiFPCvPv_vM11daSamurshaiFPCvPv_vM11daSamurshaiFPCvPv_v
                0x0000000000082a61                .dwarf.0006.__ct__19dState_c<8daWrench>FPCcM8daWrenchFPCvPv_vM8daWrenchFPCvPv_vM8daWrenchFPCvPv_v
                0x0000000000082bae                .dwarf.0006.__ct__22dState_c<10daBalboa_c>FPCcM10daBalboa_cFPCvPv_vM10daBalboa_cFPCvPv_vM10daBalboa_cFPCvPv_v
                0x0000000000082d07                .dwarf.0006.__ct__22dState_c<10daRamboo_c>FPCcM10daRamboo_cFPCvPv_vM10daRamboo_cFPCvPv_vM10daRamboo_cFPCvPv_v
                0x0000000000082e60                .dwarf.0006.__ct__27dState_c<15daEnMegaDosun_c>FPCcM15daEnMegaDosun_cFPCvPv_vM15daEnMegaDosun_cFPCvPv_vM15daEnMegaDosun_cFPCvPv_v
                0x0000000000082fcd                .dwarf.0006.__ct__25dState_c<13daFuzzyBear_c>FPCcM13daFuzzyBear_cFPCvPv_vM13daFuzzyBear_cFPCvPv_vM13daFuzzyBear_cFPCvPv_v
                0x0000000000083132                .dwarf.0006.__ct__26dState_c<14daMegaGoomba_c>FPCcM14daMegaGoomba_cFPCvPv_vM14daMegaGoomba_cFPCvPv_vM14daMegaGoomba_cFPCvPv_v
                0x000000000008329b                .dwarf.0006.__ct__19dState_c<8daTopman>FPCcM8daTopmanFPCvPv_vM8daTopmanFPCvPv_vM8daTopmanFPCvPv_v
                0x00000000000833e8                .dwarf.0006.__ct__26dState_c<14daEnMsgBlock_c>FPCcM14daEnMsgBlock_cFPCvPv_vM14daEnMsgBlock_cFPCvPv_vM14daEnMsgBlock_cFPCvPv_v
                0x0000000000083551                .dwarf.0006.__ct__28dState_c<16dMsgBoxManager_c>FPCcM16dMsgBoxManager_cFPCvPv_vM16dMsgBoxManager_cFPCvPv_vM16dMsgBoxManager_cFPCvPv_v
                0x00000000000836c2                .dwarf.0006.__ct__28dState_c<16daEnEventBlock_c>FPCcM16daEnEventBlock_cFPCvPv_vM16daEnEventBlock_cFPCvPv_vM16daEnEventBlock_cFPCvPv_v
                0x0000000000083833                .dwarf.0006.__ct__25dState_c<13daFireLaser_c>FPCcM13daFireLaser_cFPCvPv_vM13daFireLaser_cFPCvPv_vM13daFireLaser_cFPCvPv_v
                0x0000000000083998                .dwarf.0006.__ct__20dState_c<9daMrSun_c>FPCcM9daMrSun_cFPCvPv_vM9daMrSun_cFPCvPv_vM9daMrSun_cFPCvPv_v
                0x0000000000083ae9                .dwarf.0006.__ct__27dState_c<15daEnFlipBlock_c>FPCcM15daEnFlipBlock_cFPCvPv_vM15daEnFlipBlock_cFPCvPv_vM15daEnFlipBlock_cFPCvPv_v
                0x0000000000083c56                .dwarf.0006.__ct__26dState_c<14daEnChestnut_c>FPCcM14daEnChestnut_cFPCvPv_vM14daEnChestnut_cFPCvPv_vM14daEnChestnut_cFPCvPv_v
                0x0000000000083dbf                .dwarf.0006.__ct__24dState_c<12dEndingMgr_c>FPCcM12dEndingMgr_cFPCvPv_vM12dEndingMgr_cFPCvPv_vM12dEndingMgr_cFPCvPv_v
                0x0000000000083fc0                .dwarf.0006.get__13dCourseFull_cFi
                0x00000000000840f3                .dwarf.0006.GetID__Q34nw4r3g3d7ResNodeFv
                0x0000000000084166                .dwarf.0006.returnUnknown__Q23m3d6proc_cFv
                0x000000000008425b                .dwarf.0006.__ct__16dMsgBoxManager_cFv
                0x00000000000842dd                .dwarf.0006.beforeExecute__16dMsgBoxManager_cFv
                0x0000000000084335                .dwarf.0006.afterExecute__16dMsgBoxManager_cFi
                0x000000000008438b                .dwarf.0006.beforeDraw__16dMsgBoxManager_cFv
                0x00000000000843dd                .dwarf.0006.afterDraw__16dMsgBoxManager_cFi
