
Memory Configuration

Name             Origin             Length             Attributes
*default*        0x0000000000000000 0xffffffffffffffff

Linker script and memory map

                0x00000000800c95a0                disableAnim__Q23m2d13EmbedLayout_cFi = 0x800c95a0
                0x0000000080007220                getRootPane__Q23m2d17EmbedLayoutBase_cFv = 0x80007220
                0x00000000801958c0                MapSoundPlayer = 0x801958c0
                0x00000000800b3cd0                QueryGlobal5758 = 0x800b3cd0
                0x0000000080434d98                NextStageActorDisableFlags = 0x80434d98
                0x0000000080434d9a                StageActorDisableFlags = 0x80434d9a
                0x00000000800e1e60                doneWithCheckIfInStage = 0x800e1e60
                0x00000000800dd868                doneWithAddRemoconState = 0x800dd868
                0x00000000800dcfbc                doneWithChangeIDForCC = 0x800dcfbc
                0x00000000804350c8                dRemoconMng_c_ptr = 0x804350c8
                0x00000000802bcf00                DoStuffWtihWiimote = 0x802bcf00
                0x0000000080382d88                CoreControllerPtr = 0x80382d88
                0x00000000800b3dd0                assignSomeColoursToWindow = 0x800b3dd0
                0x0000000080380048                _ZN17dWarningManager_c22StateID_WarningNunchukE = 0x80380048
                0x0000000080380048                StateID_WarningNunchuk__17dWarningManager_c = 0x80380048
                0x000000008010dfa0                doneWithPatchShowNunchuk = 0x8010dfa0
                0x000000008010e5e8                doneWithShowClassic = 0x8010e5e8
                0x000000008010e608                doneWithShowClassic2 = 0x8010e608
                0x000000008010db90                doneWithCreateClassic = 0x8010db90
                0x000000008010dc20                CreateClassicReturn = 0x8010dc20
                0x000000008010dd14                doneWithDrawClassic = 0x8010dd14
                0x000000008010dda0                DeleteClassicReturn = 0x8010dda0
                0x000000008010dd8c                DeleteClassicContinue2 = 0x8010dd8c
                0x000000008010d84c                doneWithCtorClassic = 0x8010d84c
                0x000000008010dabc                doneWithDtorClassic = 0x8010dabc
                0x000000008010e540                doneWithCheckForClassic = 0x8010e540
                0x000000008010e544                CheckForClassicContinue = 0x8010e544
                0x000000008010e1b0                _ZN17dWarningManager_c26messWithExistingSceneCountEv = 0x8010e1b0
                0x000000008010e1b0                messWithExistingSceneCount__17dWarningManager_cFv = 0x8010e1b0
                0x000000008010e130                _ZN17dWarningManager_c13checkForCloseEv = 0x8010e130
                0x000000008010e130                checkForClose__17dWarningManager_cFv = 0x8010e130
                0x000000008010e190                _ZN17dWarningManager_c22setStateToOutOfWarningEv = 0x8010e190
                0x000000008010e190                setStateToOutOfWarning__17dWarningManager_cFv = 0x8010e190
                0x000000008010ebe0                doneWithSetClassicVisibility0 = 0x8010ebe0
                0x000000008010e8ac                ExecuteClassicForSomeReasonReturn = 0x8010e8ac
                0x000000008010e88c                doneWithExecuteClassicForSomeReason = 0x8010e88c
                0x00000000800dcc30                RemoconConnectExtension_executeWaitReturn = 0x800dcc30
                0x00000000800dcd64                RemoconConnectExtension_executeNoneReturn = 0x800dcd64
                0x00000000800dce94                RemoconConnectExtension_executeFreestyleReturn = 0x800dce94
                0x00000000800dcfb8                RemoconConnectExtension_executeOtherReturn = 0x800dcfb8
                0x000000008037c9f0                _ZN23RemoconConnectExtension12StateID_NoneE = 0x8037c9f0
                0x000000008037c9f0                StateID_None__23RemoconConnectExtension = 0x8037c9f0
                0x000000008037ca30                _ZN23RemoconConnectExtension17StateID_FreestyleE = 0x8037ca30
                0x000000008037ca30                StateID_Freestyle__23RemoconConnectExtension = 0x8037ca30
                0x000000008037ca70                _ZN23RemoconConnectExtension13StateID_OtherE = 0x8037ca70
                0x000000008037ca70                StateID_Other__23RemoconConnectExtension = 0x8037ca70
                0x0000000080323e5c                RemoconConnect_StateVTable = 0x80323e5c
                0x00000000803acbc8                inside_kpads = 0x803acbc8
                0x00000000800b5ec8                doneWithGiveClassicARemoconID = 0x800b5ec8
                0x00000000800e6eb8                doneWithPatchControllerIcon = 0x800e6eb8
                0x0000000080435500                dword_8042A740 = 0x80435500
                0x0000000080435378                CurrentWarningManager = 0x80435378
                0x0000000080779a20                onCreate_orig__14dCourseClear_cFv = 0x80779a20
                0x0000000080b1aa50                StateID_Flagdown__12daEnGlpole_c = 0x80b1aa50
                0x0000000080382238                StateID_ProcGoalEnd__14dGameDisplay_c = 0x80382238
                0x000000008004dd70                sub_8004DD00__10daPlBase_cFv = 0x8004dd70
                0x0000000080a10630                daEnGlpole_c__CheckThis = 0x80a10630
                0x000000008098eda0                aWm_ob_eggbreak = 0x8098eda0
                0x000000008098edb4                aWm_ob_eggbre_0 = 0x8098edb4
                0x000000008098edc8                aWm_ob_eggbre_1 = 0x8098edc8
                0x000000008098eddc                aWm_ob_eggbre_2 = 0x8098eddc
                0x0000000080a997cc                returnFromChangeRedRingArray = 0x80a997cc
                0x00000000809408ec                stockItemPowerupModelScale = 0x809408ec
                0x00000000809403a4                stockItemPlayerModelScale = 0x809403a4
                0x00000000809a7980                StateID_StockItemSelectWait__22dCourseSelectManager_c = 0x809a7980
                0x00000000800d3494                dPlayerMdl_c__createPlayerModel = 0x800d3494
                0x0000000080a70960                callFooDeath = 0x80a70960
                0x00000000808637b0                FUN_8085f5c0 = 0x808637b0
                0x0000000080864264                fixJumbo1return = 0x80864264
                0x00000000808642c8                fixJumbo2return = 0x808642c8
                0x0000000080143a70                ContinueFromSixteenthHook = 0x80143a70
                0x00000000804369f4                layerZPositionForByugoHack = 0x804369f4
                0x00000000808ec380                continueNodeSetup = 0x808ec380
                0x00000000800154e4                continueFromChangeSmallScore100Color = 0x800154e4
                0x00000000800153b4                continueFromChangeSmallScore1000Color1 = 0x800153b4
                0x00000000800153e4                continueFromChangeSmallScore1000Color2 = 0x800153e4
                0x00000000800b4984                continueFromChangeSmallScore1UPColor1 = 0x800b4984
                0x00000000800b49b4                continueFromChangeSmallScore1UPColor2 = 0x800b49b4
                0x00000000808d24ec                doneWithPatchAnimNameArray = 0x808d24ec
                0x00000000808d253c                doneWithPatchAnimByte34Array = 0x808d253c
                0x00000000808d2b10                bindAnimCobCourse = 0x808d2b10
                0x00000000804352ed                CurrentWorldNumForWorldMap = 0x804352ed
                0x00000000804352ee                CurrentWorldNumForWorldMapSub = 0x804352ee
                0x0000000080051fc0                disableDemoControl__10daPlBase_cFv = 0x80051fc0
                0x0000000080051f40                useDemoControl__10daPlBase_cFv = 0x80051f40
                0x0000000080137a20                stunPlayer__7dAcPy_cFv = 0x80137a20
                0x0000000080137b60                unstunPlayer__7dAcPy_cFv = 0x80137b60
                0x00000000803814b0                StateID_Quake__10daPlBase_c = 0x803814b0
                0x000000008004dd70                sub_8004DD00__10daPlBase_cFv = 0x8004dd70
                0x0000000080a10630                daEnGlpole_c__CheckThis = 0x80a10630
                0x000000008005e824                continueAt8005e724 = 0x8005e824
                0x00000000801475e4                continueAt80147214 = 0x801475e4
                0x0000000080151a50                ContinueWithoutCourage = 0x80151a50
                0x0000000080151a18                ContinueWithCourage = 0x80151a18
                0x000000008014f278                ContinueEatNoneExecute = 0x8014f278
                0x000000008014f250                daYoshi_c__endState_EatNone = 0x8014f250
                0x00000000808ec3a0                continueIsWXS1 = 0x808ec3a0
                0x00000000808ec390                continueWithPat0SetupFromWXS0 = 0x808ec390
                0x00000000808ec3b4                LAB_808e81d4 = 0x808ec3b4
                0x000000008035e62c                StateID_Turn__Goomba = 0x8035e62c
                0x0000000080363104                StateID_Ice__Goomba = 0x80363104
                0x0000000080362cf4                StateID_DieFall__Goomba = 0x80362cf4
                0x0000000080362e74                StateID_DieOther__Goomba = 0x80362e74
                0x000000008035e5ec                StateID_Walk__Goomba = 0x8035e5ec
                0x0000000080032870                daEnKuriboBase_c__isFrozen = 0x80032870
                0x00000000807b50a0                it_is_right = 0x807b50a0
                0x00000000807b50b4                not_right = 0x807b50b4
                0x00000000807b52f4                it_is_right2 = 0x807b52f4
                0x00000000807b5308                not_right2 = 0x807b5308
                0x00000000807b4960                dStockItem__manipulateItemID = 0x807b4960
                0x00000000807b49d0                tryAndMoveRight = 0x807b49d0
                0x00000000807b4994                tryAndMoveLeft = 0x807b4994
                0x00000000807b49dc                cantChange = 0x807b49dc
                0x00000000807b49bc                continueRightLoop = 0x807b49bc
                0x00000000807b4980                continueLeftLoop = 0x807b4980
                0x000000008043524c                PtrToWM_CS_SEQ_MNG = 0x8043524c
                0x00000000801017f0                dCsSeqMng_c__GetCutName = 0x801017f0
                0x00000000801018c0                FUN_801017c0 = 0x801018c0
                0x0000000080010800                dCourseSelectGuide_c__loadLives = 0x80010800
                0x00000000808ffeb4                returnForCalledFromExecute = 0x808ffeb4
                0x00000000808ff4c4                continueInCalledFromExecute = 0x808ff4c4
                0x0000000080908358                continueAt80904158 = 0x80908358
                0x000000008090835c                continueAt8090415C = 0x8090835c
                0x00000000809084ec                LAB_809042ec = 0x809084ec
                0x00000000808ffed0                FUN_808fbd00 = 0x808ffed0
                0x00000000808ffee0                FUN_808fbd10 = 0x808ffee0
                0x0000000080992478                aLightMainscene = 0x80992478
                0x0000000080992490                aLightChikascen = 0x80992490
                0x00000000809924a8                aLightWaterscen = 0x809924a8
                0x00000000809924c0                aLightFirescene = 0x809924c0
                0x00000000809924d8                aLightSabakusce = 0x809924d8
                0x00000000809924f4                aLightKaigansce = 0x809924f4
                0x0000000080992510                aLightDaishizen = 0x80992510
                0x000000008099252c                aLightYukidaysc = 0x8099252c
                0x0000000080992548                aLightSorascene = 0x80992548
                0x0000000080992560                aLightIwabascen = 0x80992560
                0x0000000080992578                aLightToridesce = 0x80992578
                0x0000000080992598                aLightShiroscen = 0x80992598
                0x00000000809925b0                aLightObakescen = 0x809925b0
                0x00000000809925c8                aLightKurayamic = 0x809925c8
                0x00000000809925e8                aLightObakeouts = 0x809925e8
                0x0000000080992604                aLightShinkaisc = 0x80992604
                0x0000000080992620                aLightSabakuchi = 0x80992620
                0x0000000080992640                aLightKorichika = 0x80992640
                0x0000000080992660                aLightFire2scen = 0x80992660
                0x0000000080992678                aLightKoopascen = 0x80992678
                0x0000000080992690                aLightFire3scen = 0x80992690
                0x00000000809926a8                aLightKumorisor = 0x809926a8
                0x00000000809926c8                aLightToride2sc = 0x809926c8
                0x00000000809926e4                aLightMainsce_0 = 0x809926e4
                0x00000000809926fc                aLightChikasc_0 = 0x809926fc
                0x0000000080992714                aLightWatersc_0 = 0x80992714
                0x000000008099272c                aLightFiresce_0 = 0x8099272c
                0x0000000080992748                aLightSabakus_0 = 0x80992748
                0x0000000080992760                aLightKaigans_0 = 0x80992760
                0x0000000080992778                aLightDaishiz_0 = 0x80992778
                0x0000000080992794                aLightYukiday_0 = 0x80992794
                0x00000000809927b0                aLightSorasce_0 = 0x809927b0
                0x00000000809927c8                aLightIwabasc_0 = 0x809927c8
                0x00000000809927e0                aLightTorides_0 = 0x809927e0
                0x00000000809927f8                aLightShirosc_0 = 0x809927f8
                0x0000000080992810                aLightObakesc_0 = 0x80992810
                0x0000000080992828                aLightKurayam_0 = 0x80992828
                0x0000000080992848                aLightObakeou_0 = 0x80992848
                0x0000000080992864                aLightShinkai_0 = 0x80992864
                0x0000000080992880                aLightSabakuc_0 = 0x80992880
                0x00000000809928a0                aLightKorichi_0 = 0x809928a0
                0x00000000809928bc                aLightFire2sc_0 = 0x809928bc
                0x00000000809928d4                aLightKoopasc_0 = 0x809928d4
                0x00000000809928ec                aLightFire3sc_0 = 0x809928ec
                0x0000000080992904                aLightKumoris_0 = 0x80992904
                0x0000000080992920                aLightToride2_0 = 0x80992920
                0x000000008099293c                aFogMainscene_b = 0x8099293c
                0x0000000080992950                aFogChikascene_ = 0x80992950
                0x0000000080992964                aFogWaterscene_ = 0x80992964
                0x0000000080992978                aFogFirescene_b = 0x80992978
                0x000000008099298c                aFogSabakuscene = 0x8099298c
                0x00000000809929a4                aFogKaiganscene = 0x809929a4
                0x00000000809929c0                aFogDaishizensc = 0x809929c0
                0x00000000809929d8                aFogYukidayscen = 0x809929d8
                0x00000000809929f0                aFogSorascene_b = 0x809929f0
                0x0000000080992a04                aFogIwabascene_ = 0x80992a04
                0x0000000080992a18                aFogToridescene = 0x80992a18
                0x0000000080992a30                aFogShiroscene_ = 0x80992a30
                0x0000000080992a44                aFogObakescene_ = 0x80992a44
                0x0000000080992a58                aFogKurayamichi = 0x80992a58
                0x0000000080992a74                aFogObakeoutsce = 0x80992a74
                0x0000000080992a8c                aFogShinkaiscen = 0x80992a8c
                0x0000000080992aa4                aFogSabakuchika = 0x80992aa4
                0x0000000080992ac0                aFogKorichikasc = 0x80992ac0
                0x0000000080992ad8                aFogFire2scene_ = 0x80992ad8
                0x0000000080992aec                aFogKoopascene_ = 0x80992aec
                0x0000000080992b00                aFogFire3scene_ = 0x80992b00
                0x0000000080992b14                aFogKumorisoras = 0x80992b14
                0x0000000080992b30                aFogToride2scen = 0x80992b30
                0x0000000080992cb4                aRouteinfo_1 = 0x80992cb4
                0x0000000080992cc0                aCollectioncoincoursesort = 0x80992cc0
                0x0000000080992cdc                aCobcastle_1 = 0x80992cdc
                0x0000000080992ce8                aCobcourse_0 = 0x80992ce8
                0x0000000080992bc8                aCobkinokored_3 = 0x80992bc8
                0x0000000080992bd8                aCobkinoko1up_4 = 0x80992bd8
                0x0000000080992be8                aCobkinokosta_3 = 0x80992be8
                0x0000000080992cf4                aCobstart_0 = 0x80992cf4
                0x0000000080992d00                aCobanchor_0 = 0x80992d00
                0x0000000080992d0c                aCobtoride_1 = 0x80992d0c
                0x0000000080992d18                aCobghost_1 = 0x80992d18
                0x0000000080992d24                aCobcannon_1 = 0x80992d24
                0x0000000080992bf8                aCobkoopaship_5 = 0x80992bf8
                0x0000000080992d30                aCharacter_s_12 = 0x80992d30
                0x0000000080992d40                aCobsurrender_0 = 0x80992d40
                0x0000000080992d50                aCobkinopio_1 = 0x80992d50
                0x000000008006cbc0                create__8dActor_cF6ActorsUiP7Point3dPv = 0x8006cbc0
                0x00000000801017cc                returnToOriginalScriptCode = 0x801017cc
                0x00000000807c5e40                destroyBarrel = 0x807c5e40
                0x0000000080b1a120                StateID_FoolMove__14daEnGakeNoko_c = 0x80b1a120
                0x0000000080b1a160                StateID_Move__14daEnGakeNoko_c = 0x80b1a160
                0x0000000080147330                pipeCannonShot__7dAcPy_cFiff = 0x80147330
                0x0000000080140810                dealsWithGoalPutonCapAnimation__7dAcPy_cFv = 0x80140810
                0x0000000080140af0                cannonShot__7dAcPy_cFiss = 0x80140af0
                0x000000008008e550                getZoneByID__9dCourse_cFUcP5mRect = 0x8008e550
                0x00000000800e3b38                updateUI = 0x800e3b38
                0x000000008019c190                ApparentlyStartsMusic = 0x8019c190
                0x00000000800e3b18                continueTimerLeq100 = 0x800e3b18
                0x000000008019e554                continueAt8019e154 = 0x8019e554
                0x000000008019e540                continueAt8019e140 = 0x8019e540
                0x0000000080435078                instance__7StageC4 = 0x80435078
                0x000000008016aef0                mHeapAllocator_c_done = 0x8016aef0
                0x0000000080996e50                dEventOpeningTitle_c_StateID_PressButtonExitAnimeEndWait = 0x80996e50
                0x00000000809d0290                sub_809CAE10 = 0x809d0290
                0x00000000809169fc                loc_8091288C = 0x809169fc
                0x00000000802e5bdc                pow = 0x802e5bdc
                0x000000008154ba7b                PortalHook_1_byte = 0x8154ba7b
                0x000000008154b904                PortalHook_2_offset_2 = 0x8154b904
                0x000000008076dc90                PortalHook_3_external_1 = 0x8076dc90
                0x000000008154b804                PortalHook_3_external_2 = 0x8154b804
                0x0000000080163044                PortalHook_1_ret = 0x80163044
                0x0000000080064494                PortalHook_2_ret = 0x80064494
                0x00000000800e3af8                PortalHook_3_ret = 0x800e3af8
                0x0000000080095a94                PortalHook_4_ret = 0x80095a94
                0x0000000080095ac4                PortalHook_5_ret_1 = 0x80095ac4
                0x0000000080095d14                PortalHook_5_ret_2 = 0x80095d14
                0x0000000080301208                IsGravityEnabled = 0x80301208
                0x0000000080436904                GravityFloat_maybe = 0x80436904
                0x0000000080054768                line_80054688 = 0x80054768
                0x000000008005722c                line_8005714C = 0x8005722c
                0x0000000080001910                ZoneMaxYValue_maybe = 0x80001910
                0x000000008005e7f0                JumpingShit = 0x8005e7f0
                0x0000000080057b48                ArcNein = 0x80057b48
                0x000000008005483c                loc_8005475C = 0x8005483c
                0x000000008005475c                loc_8005467C = 0x8005475c
                0x0000000080071038                ContinueFromFirstHook = 0x80071038
                0x00000000800e4560                ContinueFromSecondHook = 0x800e4560
                0x00000000800571e8                ContinueFromThirdHook = 0x800571e8
                0x0000000080127af0                ContinueFromFourthHook = 0x80127af0
                0x0000000080057234                ContinueFromFifthHook = 0x80057234
                0x000000008004c65c                ContinueFromSixthHook_One = 0x8004c65c
                0x000000008004c634                ContinueFromSixthHook_Two = 0x8004c634
                0x000000008006cf24                ContinueFromSeventhHook = 0x8006cf24
                0x00000000801c1120                ContinueFromEighthHook = 0x801c1120
                0x00000000800b0970                ContinueFromNinthHook = 0x800b0970
                0x0000000080128628                ContinueFromTenthHook = 0x80128628
                0x000000008092a904                ContinueFromEleventhHook = 0x8092a904
                0x000000008006f8f8                ContinueFromTwelvethHook = 0x8006f8f8
                0x0000000080065094                ContinueFromThirteenthHook = 0x80065094
                0x0000000080070e04                ContinueFromFourteenthHook = 0x80070e04
                0x00000000809244e0                LoadBreffKoopa = 0x809244e0
                0x00000000809244d4                LoadBreffKoopaJr = 0x809244d4
                0x0000000080924380                returnFromBreffLoadPatch = 0x80924380
                0x000000008003a2b0                sub_8003A240__FPvPv = 0x8003a2b0
                0x000000008035eae4                daEnShell_c_StateID_Sleep = 0x8035eae4
                0x000000008035eb64                daEnShell_c_StateID_Slide = 0x8035eb64
                0x000000008035eb64                _ZN11daEnShell_c13StateID_SlideE = 0x8035eb64
                0x00000000800386e0                afterExecute__11daEnShell_cFi = 0x800386e0
                0x00000000800380f0                __dt__11daEnShell_cFv = 0x800380f0
                0x000000008003a080                isOutOfView__11daEnShell_cFv = 0x8003a080
                0x000000008003a130                kill__11daEnShell_cFv = 0x8003a130
                0x000000008003a080                _vf74__11daEnShell_cFv = 0x8003a080
                0x000000008003abf0                itemPickedUp__11daEnShell_cFv = 0x8003abf0
                0x0000000080039680                _vf7C__11daEnShell_cFv = 0x80039680
                0x000000008003a5e0                eatIn__11daEnShell_cFv = 0x8003a5e0
                0x000000008003a640                spitOut__11daEnShell_cFPv = 0x8003a640
                0x0000000080038870                stageActorCollision__11daEnShell_cFP13ActivePhysicsP13ActivePhysics = 0x80038870
                0x00000000800388a0                spriteCollision__11daEnShell_cFP13ActivePhysicsP13ActivePhysics = 0x800388a0
                0x0000000080038a50                playerCollision__11daEnShell_cFP13ActivePhysicsP13ActivePhysics = 0x80038a50
                0x0000000080039080                yoshiCollision__11daEnShell_cFP13ActivePhysicsP13ActivePhysics = 0x80039080
                0x0000000080039bb0                collidedWithCatD_Drill__11daEnShell_cFP13ActivePhysicsP13ActivePhysics = 0x80039bb0
                0x0000000080039c60                collidedWithCat7_GroundPound__11daEnShell_cFP13ActivePhysicsP13ActivePhysics = 0x80039c60
                0x0000000080039de0                collidedWithCat7_GroundPoundYoshi__11daEnShell_cFP13ActivePhysicsP13ActivePhysics = 0x80039de0
                0x0000000080039410                collidedWithCat9_RollingObject__11daEnShell_cFP13ActivePhysicsP13ActivePhysics = 0x80039410
                0x000000008003a820                collidedWithCat2_Iceball_or_15_YoshiIce__11daEnShell_cFP13ActivePhysicsP13ActivePhysics = 0x8003a820
                0x000000008003be70                dieFall_Begin__11daEnShell_cFv = 0x8003be70
                0x000000008003bef0                dieFall_Execute__11daEnShell_cFv = 0x8003bef0
                0x000000008003bee0                dieFall_End__11daEnShell_cFv = 0x8003bee0
                0x00000000800396f0                _vf220__11daEnShell_cFPv = 0x800396f0
                0x000000008003c060                _vf224__11daEnShell_cFv = 0x8003c060
                0x000000008003a930                _vf238__11daEnShell_cFv = 0x8003a930
                0x0000000080039330                _vf248__11daEnShell_cFi = 0x80039330
                0x0000000080039360                bouncePlayerWhenJumpedOn__11daEnShell_cFPv = 0x80039360
                0x0000000080039600                addScoreWhenHit__11daEnShell_cFPv = 0x80039600
                0x000000008003bff0                _vf25C__11daEnShell_cFPv = 0x8003bff0
                0x000000008003b090                beginState_Carry__11daEnShell_cFv = 0x8003b090
                0x000000008003b270                executeState_Carry__11daEnShell_cFv = 0x8003b270
                0x000000008003b1b0                endState_Carry__11daEnShell_cFv = 0x8003b1b0
                0x000000008003aeb0                beginState_Sleep__11daEnShell_cFv = 0x8003aeb0
                0x000000008003af50                executeState_Sleep__11daEnShell_cFv = 0x8003af50
                0x000000008003af20                endState_Sleep__11daEnShell_cFv = 0x8003af20
                0x000000008003b450                beginState_Slide__11daEnShell_cFv = 0x8003b450
                0x000000008003b8a0                executeState_Slide__11daEnShell_cFv = 0x8003b8a0
                0x000000008003b760                endState_Slide__11daEnShell_cFv = 0x8003b760
                0x000000008003bbb0                beginState_Wakeup__11daEnShell_cFv = 0x8003bbb0
                0x000000008003bc20                executeState_Wakeup__11daEnShell_cFv = 0x8003bc20
                0x000000008003bc10                endState_Wakeup__11daEnShell_cFv = 0x8003bc10
                0x000000008003bda0                beginState_WakeupReverse__11daEnShell_cFv = 0x8003bda0
                0x000000008003bdd0                executeState_WakeupReverse__11daEnShell_cFv = 0x8003bdd0
                0x000000008003bdc0                endState_WakeupReverse__11daEnShell_cFv = 0x8003bdc0
                0x000000008003bca0                beginState_WakeupTurn__11daEnShell_cFv = 0x8003bca0
                0x000000008003bcf0                executeState_WakeupTurn__11daEnShell_cFv = 0x8003bcf0
                0x000000008003bce0                endState_WakeupTurn__11daEnShell_cFv = 0x8003bce0
                0x0000000080039700                _vf2C8__11daEnShell_cFv = 0x80039700
                0x000000008003aad0                _vf2CC__11daEnShell_cFv = 0x8003aad0
                0x0000000080038a40                relatedToSpriteCollision__11daEnShell_cFv = 0x80038a40
                0x0000000080039070                _vf2D4__11daEnShell_cFv = 0x80039070
                0x0000000080039320                isNotSliding__11daEnShell_cFv = 0x80039320
                0x0000000080039060                relatedToYoshiOrPlayerCollision__11daEnShell_cFv = 0x80039060
                0x000000008003bd90                _vf2E0__11daEnShell_cFv = 0x8003bd90
                0x000000008003bd80                turnSlightly__11daEnShell_cFv = 0x8003bd80
                0x000000008003a480                _vf2E8__11daEnShell_cFv = 0x8003a480
                0x0000000080039800                spawnKickHitEffect__11daEnShell_cFv = 0x80039800
                0x000000008003bed0                _vf2F0__11daEnShell_cFv = 0x8003bed0
                0x00000000800386d0                _vf2F4__11daEnShell_cFv = 0x800386d0
                0x000000008003bba0                spawnTailEffect__11daEnShell_cFv = 0x8003bba0
                0x000000008003a280                _vf2FC__11daEnShell_cFv = 0x8003a280
                0x000000008003a410                rotateShell__11daEnShell_cFv = 0x8003a410
                0x0000000080038c58                loc_80038BE8 = 0x80038c58
                0x0000000080381f88                Yoshi_EatNoneState = 0x80381f88
                0x000000008014f210                daYoshi_c_sub_8014EE40 = 0x8014f210
                0x000000008014eb70                endState_HipAttack_orig__9daYoshi_cFv = 0x8014eb70
                0x0000000080046c20                onExecute_orig__9daYoshi_cFv = 0x80046c20
                0x000000008014eb70                endState_HipAttack_orig__10daYoshi2_cFv = 0x8014eb70
                0x0000000080046c20                onExecute_orig__10daYoshi2_cFv = 0x80046c20
                0x000000008014fd50                doSwallow__9daYoshi_cFv = 0x8014fd50
                0x000000008014fd7c                doThisStupidAnimationYouAsshole = 0x8014fd7c
                0x00000000800495b4                originalHipAttackStage4Continue = 0x800495b4
                0x00000000804353c8                instance__14dGameDisplay_c = 0x804353c8
                0x0000000080157f50                onCreate_orig__14dGameDisplay_cFv = 0x80157f50
                0x00000000801584b0                onExecute_orig__14dGameDisplay_cFv = 0x801584b0
                0x0000000080054c2c                ContinueFromFlyingYoshi = 0x80054c2c
                0x0000000080916b20                daYoshiFire_c_vf8C__FP13dStageActor_cP13dStageActor_c = 0x80916b20
                0x000000008005e600                getHeldDown__14dPlayerInput_c = 0x8005e600
                0x000000008005e5f0                getHeldUp__14dPlayerInput_c = 0x8005e5f0
                0x000000008005e5f0                _ZN14dPlayerInput_c9getHeldUpEv = 0x8005e5f0
                0x000000008005e400                detectGroundPound__14dPlayerInput_c = 0x8005e400
                0x000000008005e400                _ZN14dPlayerInput_c17detectGroundPoundEv = 0x8005e400
                0x000000008005e680                getHeldTwo__14dPlayerInput_c = 0x8005e680
                0x000000008005e680                getHeldTwo__14dPlayerInput_cFv = 0x8005e680
                0x000000008005e680                _ZN14dPlayerInput_c10getHeldTwoEv = 0x8005e680
                0x000000008023b8a0                GetResNodeNumEntries__Q34nw4r3g3d6ResMdlCFv = 0x8023b8a0
                0x00000000801d5a80                MEMAllocFromAllocator = 0x801d5a80
                0x0000000080359770                __vt__Q34nw4r3g3d9AnmObjChr = 0x80359770
                0x0000000080359668                __vt__Q34nw4r3g3d12AnmObjChrRes = 0x80359668
                0x0000000080241bd0                GetAnmResult__Q34nw4r3g3d9ResAnmChrCFPQ34nw4r3g3d12ChrAnmResultUlf = 0x80241bd0
                0x00000000800d5ee0                StartAnimOrig = 0x800d5ee0
                0x000000008014be30                YoshiStateOrig = 0x8014be30
                0x0000000080234fc0                Exception_Printf___Q24nw4r2dbFPCce = 0x80234fc0
                0x000000008083dcf4                ContinueFromFuckLineLiftActivation = 0x8083dcf4
                0x00000000800b4ef0                CanExitThisLevel = 0x800b4ef0
                0x0000000080001800                LoaderDotBinPointer = 0x80001800
                0x00000000801019e4                ContinueFromConsole = 0x801019e4
                0x0000000080146c24                ContinueFromTinyTable = 0x80146c24
                0x0000000080922de8                ContinueFromLoadingCRSIN = 0x80922de8
                0x00000000800228c8                ContinueFromAlternateQBlock = 0x800228c8
                0x000000008013c7ec                ContinueFromPropellerBegin = 0x8013c7ec
                0x00000000802ee960                QBlockTable = 0x802ee960
                0x000000008013bf70                ret0ice = 0x8013bf70
                0x000000008013bf74                retice = 0x8013bf74
                0x000000008013c770                retice2 = 0x8013c770
                0x0000000080038a50                playerCollision_orig__10daEnNoko_cFP13ActivePhysicsP13ActivePhysics = 0x80038a50
                0x0000000080a77b40                onCreate_orig__10daEnNoko_cFv = 0x80a77b40
                0x0000000080039600                addScoreWhenHit_orig__10daEnNoko_cFPv = 0x80039600
                0x0000000080038a50                playerCollision_orig__10daEnPata_cFP13ActivePhysicsP13ActivePhysics = 0x80038a50
                0x0000000080039600                addScoreWhenHit_orig__10daEnPata_cFPv = 0x80039600
                0x0000000080a78130                onExecute_orig__10daEnPata_cFv = 0x80a78130
                0x0000000080a4e990                onCreate_orig__10BulletBillFv = 0x80a4e990
                0x0000000080a4f2c0                playerCollision_orig__10BulletBillFP13ActivePhysicsP13ActivePhysics = 0x80a4f2c0
                0x0000000080a4f760                addScoreWhenHit_orig__10BulletBillFPv = 0x80a4f760
                0x0000000080a525a0                ContinueFromSpikyFix = 0x80a525a0
                0x000000008099e170                GabonRock_DropOutState = 0x8099e170
                0x000000008099e130                GabonRock_CrushState = 0x8099e130
                0x000000008001df40                forceHCGROPushBack = 0x8001df40
                0x000000008001df38                continueFromHCGRO = 0x8001df38
                0x0000000080432a2e                DanceValues_AnimSpeed = 0x80432a2e
                0x0000000080434e09                DanceValues_DummyBlockAndGrass = 0x80434e09
                0x0000000080434e0a                DanceValues_Bahps = 0x80434e0a
                0x0000000080434e0b                DanceValues_CreditsControl = 0x80434e0b
                0x00000000804352bf                CreditsModeActive = 0x804352bf
                0x00000000800d91d0                GetRail = 0x800d91d0
                0x00000000804350a8                instance__7Stage80 = 0x804350a8
                0x0000000080060394                continueAddToCoinCount = 0x80060394
                0x00000000800b36c4                continueAddToScore = 0x800b36c4
                0x00000000800b5290                StaffCreditsAddCoin = 0x800b5290
                0x00000000802bc904                ContinueFromEFBMagic2 = 0x802bc904
                0x0000000080abc2f0                TogeTekkyuIceballCollision = 0x80abc2f0
                0x0000000080435548                _8042A788 = 0x80435548
                0x000000008019c790                sub_8019C390 = 0x8019c790
                0x00000000807b37b0                dStockItem = 0x807b37b0
                0x00000000802e5bdc                pow = 0x802e5bdc
                0x00000000801584b0                onExecute_orig__14dGameDisplay_cFv = 0x801584b0
                0x0000000080157f50                onCreate_orig__14dGameDisplay_cFv = 0x80157f50
                0x00000000804353c8                instance__14dGameDisplay_c = 0x804353c8
                0x00000000807fcc10                onCreate_orig__13daGabonRock_cFv = 0x807fcc10
                0x0000000080aaed90                onCreate_orig__12EN_STAR_COINFv = 0x80aaed90
                0x00000000809ce2b0                onCreate_orig__12daEnBomhei_cFv = 0x809ce2b0
                0x0000000080b17fe8                StateID_Sleep__12daEnBomhei_c = 0x80b17fe8
                0x00000000809cee40                playerCollision_orig__12daEnBomhei_cFP13ActivePhysicsP13ActivePhysics = 0x809cee40
                0x00000000809cf470                spriteCollision_orig__12daEnBomhei_cFP13ActivePhysicsP13ActivePhysics = 0x809cf470
                0x00000000801307c0                NoSwimBegin = 0x801307c0
                0x0000000080130784                YesSwimBegin = 0x80130784
                0x0000000080130b08                NoSwimHip0a = 0x80130b08
                0x0000000080130ae0                YesSwimHip0a = 0x80130ae0
                0x0000000080130b84                NoSwimHip0b = 0x80130b84
                0x0000000080130b94                YesSwimHip0b = 0x80130b94
                0x000000008013114c                NoSwimHip1 = 0x8013114c
                0x0000000080131140                YesSwimHip1 = 0x80131140
                0x00000000801319bc                NoSwimHip2 = 0x801319bc
                0x00000000801319a4                YesSwimHip2 = 0x801319a4
                0x0000000080131dac                NoSwimHip3a = 0x80131dac
                0x0000000080131db8                YesSwimHip3a = 0x80131db8
                0x0000000080131e64                NoSwimHip3b = 0x80131e64
                0x0000000080131e54                YesSwimHip3b = 0x80131e54
                0x0000000080b918c0                StateID_Wait__24daEnBossKoopaDemoPeach_c = 0x80b918c0
                0x0000000080b91900                StateID_Call__24daEnBossKoopaDemoPeach_c = 0x80b91900
                0x0000000080b91940                StateID_Turn__24daEnBossKoopaDemoPeach_c = 0x80b91940
                0x0000000080b91980                StateID_Open__24daEnBossKoopaDemoPeach_c = 0x80b91980
                0x0000000080b919c0                StateID_Rescue__24daEnBossKoopaDemoPeach_c = 0x80b919c0
                0x0000000080b91a00                StateID_Thank__24daEnBossKoopaDemoPeach_c = 0x80b91a00
                0x000000008030c104                __vt__12daBossDemo_c = 0x8030c104
                0x000000008001cd20                onExecute__12daBossDemo_cFv = 0x8001cd20
                0x000000008001cd60                onDraw__12daBossDemo_cFv = 0x8001cd60
                0x000000008001cd70                willBeDeleted__12daBossDemo_cFv = 0x8001cd70
                0x000000008001cd80                onDelete__12daBossDemo_cFv = 0x8001cd80
                0x000000008001d200                endState_BattleEdDemo__12daBossDemo_cFv = 0x8001d200
                0x000000008001d210                executeState_BattleEdDemo__12daBossDemo_cFv = 0x8001d210
                0x000000008001d1f0                beginState_BattleEdDemo__12daBossDemo_cFv = 0x8001d1f0
                0x000000008001d170                endState_BattleIn__12daBossDemo_cFv = 0x8001d170
                0x000000008001d180                executeState_BattleIn__12daBossDemo_cFv = 0x8001d180
                0x000000008001d100                beginState_BattleIn__12daBossDemo_cFv = 0x8001d100
                0x000000008001d0e0                endState_BattleStDemo__12daBossDemo_cFv = 0x8001d0e0
                0x000000008001d0f0                executeState_BattleStDemo__12daBossDemo_cFv = 0x8001d0f0
                0x000000008001d0d0                beginState_BattleStDemo__12daBossDemo_cFv = 0x8001d0d0
                0x000000008001cfd0                endState_Ready__12daBossDemo_cFv = 0x8001cfd0
                0x000000008001cfe0                executeState_Ready__12daBossDemo_cFv = 0x8001cfe0
                0x000000008001cfc0                beginState_Ready__12daBossDemo_cFv = 0x8001cfc0
                0x000000008001ce70                beatLevel__12daBossDemo_cFv = 0x8001ce70
                0x000000008001ceb0                exitLevel__12daBossDemo_cFv = 0x8001ceb0
                0x0000000080434e28                instance__19BalloonRelatedClass = 0x80434e28
                0x00000000802f1990                PlayerAnimStates = 0x802f1990
                0x000000008011ac00                ContinueFromFixFireballSensorSetup = 0x8011ac00
                0x00000000800b3960                GetPosForLayoutEffect__FP4VEC3b = 0x800b3960
                0x0000000080a178cc                ContinueFromJustOneBomb = 0x80a178cc
                0x000000008015fa30                SmoothRotation__FPsss = 0x8015fa30
                0x00000000808234d0                KazanRock_OriginalCollisionCallback = 0x808234d0
                0x0000000080823240                KazanRock_Explode = 0x80823240
                0x000000008005fcd0                GetPlayerOrYoshi__Fi = 0x8005fcd0
                0x000000008005fcd0                findByID__10daPlBase_cFi = 0x8005fcd0
                0x000000008005fa40                findByID__7dAcPy_cFi = 0x8005fa40
                0x0000000080052000                justFaceSpecificDirection__10daPlBase_cFi = 0x80052000
                0x0000000080052150                moveInDirection__10daPlBase_cFPfPf = 0x80052150
                0x0000000080139e60                getYoshi__7dAcPy_cFv = 0x80139e60
                0x0000000080052240                setAnimePlayWithAnimID__10daPlBase_cFi = 0x80052240
                0x0000000080052360                setAnimePlayStandardType__10daPlBase_cFi = 0x80052360
                0x000000008005e4b0                setFlag__14dPlayerInput_cFQ214dPlayerInput_c5Flags = 0x8005e4b0
                0x000000008005ea10                setPermanentForcedButtons__14dPlayerInput_cFUi = 0x8005ea10
                0x000000008005ea60                setTransientForcedButtons__14dPlayerInput_cFUi = 0x8005ea60
                0x000000008005ea30                unsetPermanentForcedButtons__14dPlayerInput_cFUi = 0x8005ea30
                0x000000008005e880                areWeShaking__14dPlayerInput_cFv = 0x8005e880
                0x0000000080056d50                setFlag__10daPlBase_cFi = 0x80056d50
                0x0000000080056d90                clearFlag__10daPlBase_cFi = 0x80056d90
                0x0000000080056dd0                testFlag__10daPlBase_cFi = 0x80056dd0
                0x0000000080052100                isReadyForDemoControlAction__10daPlBase_cFv = 0x80052100
                0x00000000804351a0                instance__15dWaterManager_c = 0x804351a0
                0x00000000800eba40                queryPosition__15dWaterManager_cFP7Point2dP7Point2dPfPsi = 0x800eba40
                0x00000000800a0df0                OriginalPowBlockActivated = 0x800a0df0
                0x0000000080002eee                isReplayEnabled = 0x80002eee
                0x00000000800b4650                UpdateSelectCursor = 0x800b4650
                0x000000008010cde0                HideSelectCursor = 0x8010cde0
                0x0000000080435368                SelectCursorPointer = 0x80435368
                0x00000000807b3c10                getIconPictureIDforPlayer__12dStockItem_cFi = 0x807b3c10
                0x00000000800b3460                CrapUpPositions__FP7Point3dPC7Point3d = 0x800b3460
                0x00000000800fca34                ContinueFromCalcPowerupResult = 0x800fca34
                0x00000000800fc9fc                ContinueFromFixCalcPowerupResultForMushroom = 0x800fc9fc
                0x00000000807b3a28                ContinueFromSILayoutExtraStuffs = 0x807b3a28
                0x00000000807b4bbc                ContinueFromResetHammerAnimOnOpen = 0x807b4bbc
                0x00000000807b38c0                ContinueFromHideItemsByDefault = 0x807b38c0
                0x00000000807b48c4                MakeSFISound = 0x807b48c4
                0x00000000807b4920                ContinueFromSIAddSound = 0x807b4920
                0x00000000807b4d84                ChosenStartChoice = 0x807b4d84
                0x00000000807b62e0                ContinueFromSISLayoutExtraStuffs = 0x807b62e0
                0x00000000807b65a8                ContinueFromUpdateSIS = 0x807b65a8
                0x00000000804353b0                EnemyBounceValue = 0x804353b0
                0x0000000080163240                searchById__7fBase_cFUi = 0x80163240
                0x0000000080163290                searchByProfileId__7fBase_cFUsP7fBase_c = 0x80163290
                0x00000000801632f0                searchByBaseType__7fBase_cFiP7fBase_c = 0x801632f0
                0x00000000800bb3f0                AddStockPowerup = 0x800bb3f0
                0x00000000808af200                continueFromStrongBox2 = 0x808af200
                0x00000000808ae708                continueFromStrongBox = 0x808ae708
                0x0000000080435548                _8042A788 = 0x80435548
                0x000000008019c790                playFanfare__FPvi = 0x8019c790
                0x000000008019cf30                somethingAboutSound__FPv = 0x8019cf30
                0x00000000802633d0                AxVoice_SetADPCM = 0x802633d0
                0x0000000080281e90                Voice_SetADPCMLoop = 0x80281e90
                0x000000008027a740                DetachSound__Q34nw4r3snd11SoundHandleFv = 0x8027a740
                0x0000000080266980                Pause__Q44nw4r3snd6detail10BasicSoundFbi = 0x80266980
                0x0000000080266790                Stop__Q44nw4r3snd6detail10BasicSoundFi = 0x80266790
                0x00000000802679f0                SetPitch__Q44nw4r3snd6detail10BasicSoundFf = 0x802679f0
                0x0000000080267960                SetVolume__Q44nw4r3snd6detail10BasicSoundFfi = 0x80267960
                0x000000008027fdd0                StrmSound_SetTrackVolume = 0x8027fdd0
                0x0000000080435250                DontShowPreGame = 0x80435250
                0x000000008037ee60                RESTART_CRSIN_LevelStartStruct = 0x8037ee60
                0x00000000800ca684                DrawTheFuckingHat = 0x800ca684
                0x00000000800ca6b8                DontDrawTheFuckingHat = 0x800ca6b8
                0x000000008004e0c0                continueFromMpPauseFix1 = 0x8004e0c0
                0x0000000080141970                continueFromMpPauseFix2 = 0x80141970
                0x0000000080141674                continueFromMpPauseFix3 = 0x80141674
                0x00000000800fcae0                CheckIfSinglePlayer = 0x800fcae0
                0x00000000800e598c                TextWriterCrapContinue = 0x800e598c
                0x000000008092aca0                StockWMInit_LoadEffects__FPv = 0x8092aca0
                0x0000000080093660                CleanUpEffectThings__Fv = 0x80093660
                0x0000000080093610                FreeEffects__Fi = 0x80093610
                0x00000000800932b0                FreeBreff__Fi = 0x800932b0
                0x00000000800932f0                FreeBreft__Fi = 0x800932f0
                0x0000000080092f70                __dt__18BGGMEffectRendererFv = 0x80092f70
                0x000000008031c208                __vt__18BGGMEffectRenderer = 0x8031c208
                0x00000000802dcee0                __construct_array = 0x802dcee0
                0x00000000800cdd70                GetBMG__Fv = 0x800cdd70
                0x00000000802d7da0                findStringForMessageID__Q23EGG6MsgResCFii = 0x802d7da0
                0x00000000800c9b70                WriteBMGToTextBox__FPQ34nw4r3lyt7TextBoxPQ27dScript5Res_ciiie = 0x800c9b70
                0x00000000800c9f90                _Z26WriteParsedStringToTextBoxPN4nw4r3lyt7TextBoxEPKwiPA1_13__va_list_tagPN7dScript5Res_cE = 0x800c9f90
                0x00000000800c9c10                CheckForUSD1ShadowEntry__FPQ34nw4r3lyt7TextBox = 0x800c9c10
                0x00000000802ac9a0                GetExtUserDataNum__Q34nw4r3lyt4PaneCFv = 0x802ac9a0
                0x00000000801648f0                m2d__Anm_c__Load = 0x801648f0
                0x00000000801643a0                m2d__AnmResHandler_c__Load = 0x801643a0
                0x0000000080144bf0                RealAcPyDtor = 0x80144bf0
                0x00000000808c9730                RealWm2dPlayerDtor = 0x808c9730
                0x0000000004d27aea                WmPlayerDtor = 0x4d27aea
                0x000000008014ba90                RealYoshiDtor = 0x8014ba90
                0x00000000800b3d60                InsertIntIntoTextBox1 = 0x800b3d60
                0x00000000800b3ce0                WriteNumberToTextBox__FPiPCiPQ34nw4r3lyt7TextBoxb = 0x800b3ce0
                0x00000000800b3d60                WriteNumberToTextBox__FPiPQ34nw4r3lyt7TextBoxb = 0x800b3d60
                0x0000000080814500                __ct__20daJrClownForPlayer_cFv = 0x80814500
                0x00000000808145c0                __dt__20daJrClownForPlayer_cFv = 0x808145c0
                0x00000000800a3780                PClownCarExecute = 0x800a3780
                0x0000000080095310                PClownCarAfterCreate = 0x80095310
                0x0000000080814c10                PClownCarDraw = 0x80814c10
                0x0000000080815ef0                PClownCarMove = 0x80815ef0
                0x0000000080816184                ContinueFromClownCarDetectAdjacent = 0x80816184
                0x0000000080439378                sAllocatorFunc__FrmHeap = 0x80439378
                0x00000000800600f0                GetActivePlayerCount = 0x800600f0
                0x00000000800600f0                GetCountofActivePlayers = 0x800600f0
                0x0000000080060030                GetActiveLivingPlayerCount = 0x80060030
                0x0000000080082380                getEffectiveScreenLeft__19ClassWithCameraInfoFv = 0x80082380
                0x0000000080434ea0                instance__19ClassWithCameraInfo = 0x80434ea0
                0x000000008005b6b0                BowserExitDemoState = 0x8005b6b0
                0x00000000807d0e90                MagicEnd = 0x807d0e90
                0x0000000080808700                KeyLoopSet = 0x80808700
                0x00000000809b7d40                BigHanaPlayer = 0x809b7d40
                0x00000000809b7f50                BigHanaYoshi = 0x809b7f50
                0x00000000809b8200                BigHanaWeirdGP = 0x809b8200
                0x00000000809b8170                BigHanaGroundPound = 0x809b8170
                0x00000000809b8ed0                BigHanaFireball = 0x809b8ed0
                0x00000000809b8ea0                BigHanaIceball = 0x809b8ea0
                0x0000000080146600                dAcPy_vf3F4 = 0x80146600
                0x00000000801466e0                dAcPy_vf3F8 = 0x801466e0
                0x0000000080146de0                dAcPy_vf3FC = 0x80146de0
                0x0000000080047400                dAcPy_vf294 = 0x80047400
                0x00000000809e3000                Cloud_death_execute = 0x809e3000
                0x00000000809e51c0                Cloud_execute = 0x809e51c0
                0x0000000080435408                GlobalTickCount = 0x80435408
                0x000000008005fa40                GetSpecificPlayerActor = 0x8005fa40
                0x0000000080163240                Actor_SearchByID = 0x80163240
                0x0000000080434d9a                TimeStopFlag = 0x80434d9a
                0x00000000800e3ad8                TimerBranch = 0x800e3ad8
                0x0000000080436904                MarioDescentRate = 0x80436904
                0x00000000802f5c74                MarioJumpArc = 0x802f5c74
                0x00000000804368e8                MarioJumpMax = 0x804368e8
                0x00000000802f5cbc                MiniMarioJumpArc = 0x802f5cbc
                0x0000000080436914                MarioSize = 0x80436914
                0x0000000080064680                AlwaysDrawFlag = 0x80064680
                0x0000000080064684                AlwaysDrawBranch = 0x80064684
                0x00000000800b3060                GenerateRandomNumber = 0x800b3060
                0x00000000800ce9d0                OneofManySoundPlayers = 0x800ce9d0
                0x0000000080b17fe8                BombSleepState = 0x80b17fe8
                0x00000000800a0c88                NoFreezie = 0x800a0c88
                0x0000000080435110                GameTimer = 0x80435110
                0x0000000080d2b168                GameTimerB = 0x80d2b168
                0x00000000800e1f70                DoSceneChange__FUsUiUi = 0x800e1f70
                0x00000000802380e0                FrSqrt__Q24nw4r4mathFf = 0x802380e0
                0x0000000080238110                SinFIdx__Q24nw4r4mathFf = 0x80238110
                0x0000000080238180                CosFIdx__Q24nw4r4mathFf = 0x80238180
                0x00000000802381e0                SinCosFIdx__Q24nw4r4mathFPfPff = 0x802381e0
                0x00000000804354ec                archiveHeap__5mHeap = 0x804354ec
                0x00000000804354f0                commandHeap__5mHeap = 0x804354f0
                0x00000000804354f4                dylinkHeap__5mHeap = 0x804354f4
                0x00000000804354f8                assertHeap__5mHeap = 0x804354f8
                0x0000000080382d48                gameHeaps__5mHeap = 0x80382d48
                0x00000000800db290                init__18StandOnTopColliderFP13dStageActor_cfffffsUcP7Point2d = 0x800db290
                0x00000000800db240                __ct__18StandOnTopColliderFv = 0x800db240
                0x0000000080044470                __dt__18StandOnTopColliderFv = 0x80044470
                0x00000000800db400                _ZN18StandOnTopCollider6updateEv = 0x800db400
                0x00000000800daf10                __dt__13BasicColliderFv = 0x800daf10
                0x00000000804350bc                globalListHead__13BasicCollider = 0x804350bc
                0x00000000800daf90                addToList__13BasicColliderFv = 0x800daf90
                0x00000000800dafe0                removeFromList__13BasicColliderFv = 0x800dafe0
                0x00000000800db560                __ct__21RideableActorColliderFv = 0x800db560
                0x00000000800db5b0                init__21RideableActorColliderFP13dStageActor_cP7Point2dP7Point2d = 0x800db5b0
                0x00000000800db640                init__21RideableActorColliderFP13dStageActor_cffff = 0x800db640
                0x00000000800db6a0                setPosition__21RideableActorColliderFP7Point2dP7Point2d = 0x800db6a0
                0x00000000800db700                setPosition__21RideableActorColliderFffff = 0x800db700
                0x00000000800bc7c0                drawWithMatrix__21SomethingAboutShroomsFfP4mMtx = 0x800bc7c0
                0x0000000080883b00                original_onCreate__13daObjKinoko_cFv = 0x80883b00
                0x0000000080434f38                instance__13dCourseFull_c = 0x80434f38
                0x000000008008e9d0                getRectByID__9dCourse_cFUcP5mRect = 0x8008e9d0
                0x000000008008e510                getNextGotoByID__9dCourse_cFUc = 0x8008e510
                0x0000000080057900                modifyPlayerPropertiesWithRollingObject = 0x80057900
                0x0000000080a5d7f0                EN_LandbarrelPlayerCollision = 0x80a5d7f0
                0x0000000080434de8                instance__16dStageActorMgr_c = 0x80434de8
                0x00000000807df4a0                StartBGMMusic = 0x807df4a0
                0x00000000807df4b0                StopBGMMusic = 0x807df4b0
                0x0000000080434fb0                instance__11dStage32C_c = 0x80434fb0
                0x0000000080434d34                instance__7WLClass = 0x80434d34
                0x000000008005cb50                disableDemoControl__7WLClassFb = 0x8005cb50
                0x000000008005ca30                demoControlAllPlayers__7WLClassFv = 0x8005ca30
                0x00000000800d8d70                ShakeScreen = 0x800d8d70
                0x00000000804350a8                StageScreen = 0x804350a8
                0x0000000080137a20                stunPlayer = 0x80137a20
                0x0000000080137b60                unstunPlayer = 0x80137b60
                0x00000000800647c0                createChild__13dStageActor_cFUsP13dStageActor_cUiP7Point3dP6S16VecUc = 0x800647c0
                0x000000008001ce20                GameMgrBossEndFunc = 0x8001ce20
                0x00000000807cbfd0                MakeMarioEnterDemoMode = 0x807cbfd0
                0x000000008005cb50                MakeMarioExitDemoMode = 0x8005cb50
                0x000000008005cb50                ForceMarioExitDemoMode = 0x8005cb50
                0x0000000080052240                ResetPlayerState = 0x80052240
                0x000000008001ce20                UpdateGameMgr = 0x8001ce20
                0x0000000080056d90                UnsetShit = 0x80056d90
                0x000000008099f084                StateID_DemoSt2__12daKameckDemo = 0x8099f084
                0x000000008099f0c4                StateID_DemoSt__12daKameckDemo = 0x8099f0c4
                0x000000008099f104                StateID_DemoWait__12daKameckDemo = 0x8099f104
                0x0000000080b9151c                StateID_Fall__13daBossKoopa_c = 0x80b9151c
                0x00000000809a240c                StateID_DemoWait__9daNeedles = 0x809a240c
                0x00000000809a2450                StateID_DemoAwake__9daNeedles = 0x809a2450
                0x00000000809a2490                StateID_Idle__9daNeedles = 0x809a2490
                0x00000000809a24d0                StateID_Die__9daNeedles = 0x809a24d0
                0x000000008035f31c                StateID_None__7dPlayer = 0x8035f31c
                0x000000008035f35c                StateID_Walk__7dPlayer = 0x8035f35c
                0x000000008035f39c                StateID_Jump__7dPlayer = 0x8035f39c
                0x000000008035f79c                StateID_DemoNone__7dPlayer = 0x8035f79c
                0x000000008035f81c                StateID_DemoWait__7dPlayer = 0x8035f81c
                0x000000008035fbdc                StateID_DemoGoal__7dPlayer = 0x8035fbdc
                0x000000008035fc1c                StateID_DemoControl__7dPlayer = 0x8035fc1c
                0x00000000808ad6f0                PlayWrenchSound = 0x808ad6f0
                0x00000000804351a0                WaterManager = 0x804351a0
                0x00000000800eba40                CheckforLiquid = 0x800eba40
                0x0000000080b83db0                BowserFireballCollision = 0x80b83db0
                0x0000000080b44770                BowserDamageAnmClr = 0x80b44770
                0x0000000080b24e30                BowserDamageStepTwo = 0x80b24e30
                0x0000000080b24e50                BowserDamageNormal = 0x80b24e50
                0x0000000080098f00                BowserDamageKill = 0x80098f00
                0x0000000080b44aa0                BowserDamageEnd = 0x80b44aa0
                0x000000008008c520                ActivePhysics_InitWithStruct = 0x8008c520
                0x000000008008c470                ActivePhysics_AddToList = 0x8008c470
                0x000000008008c340                __ct__13ActivePhysicsFv = 0x8008c340
                0x000000008008c3a0                __dt__13ActivePhysicsFv = 0x8008c3a0
                0x000000008006ced0                HandleXSpeed = 0x8006ced0
                0x000000008006cf20                HandleYSpeed = 0x8006cf20
                0x000000008006ce80                UpdateObjectPosBasedOnSpeedValues_real = 0x8006ce80
                0x00000000800963c0                dSprite_c__getXDirectionOfFurthestPlayerRelativeToVEC3 = 0x800963c0
                0x0000000080064880                CalculateDistanceFromActorsNextPosToFurthestPlayer = 0x80064880
                0x0000000080095730                doSpriteMovement = 0x80095730
                0x0000000080434f88                instance__17dEffectBreakMgr_c = 0x80434f88
                0x0000000080092730                spawnTile__17dEffectBreakMgr_cFP7Point3dUic = 0x80092730
                0x0000000080070df0                CollidedWithTile = 0x80070df0
                0x0000000080096fe0                SomeStrangeModification = 0x80096fe0
                0x000000008006d010                Actor_GetVec3WithValuesAdded = 0x8006d010
                0x000000008006a5f0                ConvertStagePositionIntoScreenPosition__Maybe = 0x8006a5f0
                0x0000000080198440                AnotherSoundRelatedFunction = 0x80198440
                0x0000000080199500                YetAnotherSoundPlayer = 0x80199500
                0x0000000080196b40                CheckIfPlayingSound = 0x80196b40
                0x0000000080105450                RelatedToPlayingSoundsAlongsideAnims = 0x80105450
                0x0000000080435528                SoundRelatedClass = 0x80435528
                0x00000000801958c0                MapSoundPlayer = 0x801958c0
                0x00000000801955d0                PlaySoundWithFunctionB4 = 0x801955d0
                0x000000008006a5f0                ConvertStagePositionToScreenPosition__FP7Point2dP7Point3d = 0x8006a5f0
                0x0000000080199170                PlaySoundAtPosition__17SoundPlayingClassFiP7Point2dUi = 0x80199170
                0x0000000080434e00                instance2__17SoundPlayingClass = 0x80434e00
                0x0000000080102470                ExitStage__Fiiii = 0x80102470
                0x0000000080102474                ExitStageRealRest = 0x80102474
                0x00000000804340ec                LastPowerupStoreType = 0x804340ec
                0x000000008016f690                zero__4mMtxFv = 0x8016f690
                0x000000008016f130                rotationX__4mMtxFPs = 0x8016f130
                0x000000008016f1f0                applyRotationX__4mMtxFPs = 0x8016f1f0
                0x000000008016f250                rotationY__4mMtxFPs = 0x8016f250
                0x000000008016f310                applyRotationY__4mMtxFPs = 0x8016f310
                0x000000008016f370                rotationZ__4mMtxFPs = 0x8016f370
                0x000000008016f430                applyRotationZ__4mMtxFPs = 0x8016f430
                0x000000008016f490                applyRotationYXZ__4mMtxFPsPsPs = 0x8016f490
                0x000000008016f510                applyRotationZYX__4mMtxFPsPsPs = 0x8016f510
                0x00000000802dd1e8                _savefpr_14 = 0x802dd1e8
                0x00000000802dd1ec                _savefpr_15 = 0x802dd1ec
                0x00000000802dd1f0                _savefpr_16 = 0x802dd1f0
                0x00000000802dd1f4                _savefpr_17 = 0x802dd1f4
                0x00000000802dd1f8                _savefpr_18 = 0x802dd1f8
                0x00000000802dd1fc                _savefpr_19 = 0x802dd1fc
                0x00000000802dd200                _savefpr_20 = 0x802dd200
                0x00000000802dd204                _savefpr_21 = 0x802dd204
                0x00000000802dd208                _savefpr_22 = 0x802dd208
                0x00000000802dd20c                _savefpr_23 = 0x802dd20c
                0x00000000802dd210                _savefpr_24 = 0x802dd210
                0x00000000802dd214                _savefpr_25 = 0x802dd214
                0x00000000802dd218                _savefpr_26 = 0x802dd218
                0x00000000802dd21c                _savefpr_27 = 0x802dd21c
                0x00000000802dd220                _savefpr_28 = 0x802dd220
                0x00000000802dd224                _savefpr_29 = 0x802dd224
                0x00000000802dd228                _savefpr_30 = 0x802dd228
                0x00000000802dd22c                _savefpr_31 = 0x802dd22c
                0x00000000802dd234                _restfpr_14 = 0x802dd234
                0x00000000802dd238                _restfpr_15 = 0x802dd238
                0x00000000802dd23c                _restfpr_16 = 0x802dd23c
                0x00000000802dd240                _restfpr_17 = 0x802dd240
                0x00000000802dd244                _restfpr_18 = 0x802dd244
                0x00000000802dd248                _restfpr_19 = 0x802dd248
                0x00000000802dd24c                _restfpr_20 = 0x802dd24c
                0x00000000802dd250                _restfpr_21 = 0x802dd250
                0x00000000802dd254                _restfpr_22 = 0x802dd254
                0x00000000802dd258                _restfpr_23 = 0x802dd258
                0x00000000802dd25c                _restfpr_24 = 0x802dd25c
                0x00000000802dd260                _restfpr_25 = 0x802dd260
                0x00000000802dd264                _restfpr_26 = 0x802dd264
                0x00000000802dd268                _restfpr_27 = 0x802dd268
                0x00000000802dd26c                _restfpr_28 = 0x802dd26c
                0x00000000802dd270                _restfpr_29 = 0x802dd270
                0x00000000802dd274                _restfpr_30 = 0x802dd274
                0x00000000802dd278                _restfpr_31 = 0x802dd278
                0x00000000802dd280                _savegpr_14 = 0x802dd280
                0x00000000802dd284                _savegpr_15 = 0x802dd284
                0x00000000802dd288                _savegpr_16 = 0x802dd288
                0x00000000802dd28c                _savegpr_17 = 0x802dd28c
                0x00000000802dd290                _savegpr_18 = 0x802dd290
                0x00000000802dd294                _savegpr_19 = 0x802dd294
                0x00000000802dd298                _savegpr_20 = 0x802dd298
                0x00000000802dd29c                _savegpr_21 = 0x802dd29c
                0x00000000802dd2a0                _savegpr_22 = 0x802dd2a0
                0x00000000802dd2a4                _savegpr_23 = 0x802dd2a4
                0x00000000802dd2a8                _savegpr_24 = 0x802dd2a8
                0x00000000802dd2ac                _savegpr_25 = 0x802dd2ac
                0x00000000802dd2b0                _savegpr_26 = 0x802dd2b0
                0x00000000802dd2b4                _savegpr_27 = 0x802dd2b4
                0x00000000802dd2b8                _savegpr_28 = 0x802dd2b8
                0x00000000802dd2bc                _savegpr_29 = 0x802dd2bc
                0x00000000802dd2c0                _savegpr_30 = 0x802dd2c0
                0x00000000802dd2c4                _savegpr_31 = 0x802dd2c4
                0x00000000802dd2cc                _restgpr_14 = 0x802dd2cc
                0x00000000802dd2d0                _restgpr_15 = 0x802dd2d0
                0x00000000802dd2d4                _restgpr_16 = 0x802dd2d4
                0x00000000802dd2d8                _restgpr_17 = 0x802dd2d8
                0x00000000802dd2dc                _restgpr_18 = 0x802dd2dc
                0x00000000802dd2e0                _restgpr_19 = 0x802dd2e0
                0x00000000802dd2e4                _restgpr_20 = 0x802dd2e4
                0x00000000802dd2e8                _restgpr_21 = 0x802dd2e8
                0x00000000802dd2ec                _restgpr_22 = 0x802dd2ec
                0x00000000802dd2f0                _restgpr_23 = 0x802dd2f0
                0x00000000802dd2f4                _restgpr_24 = 0x802dd2f4
                0x00000000802dd2f8                _restgpr_25 = 0x802dd2f8
                0x00000000802dd2fc                _restgpr_26 = 0x802dd2fc
                0x00000000802dd300                _restgpr_27 = 0x802dd300
                0x00000000802dd304                _restgpr_28 = 0x802dd304
                0x00000000802dd308                _restgpr_29 = 0x802dd308
                0x00000000802dd30c                _restgpr_30 = 0x802dd30c
                0x00000000802dd310                _restgpr_31 = 0x802dd310
                0x00000000802dd72c                __shl2i = 0x802dd72c
                0x00000000802b9750                __nw__FUl = 0x802b9750
                0x00000000802b97c0                __dl__FPv = 0x802b97c0
                0x00000000802b97d0                __dla__FPv = 0x802b97d0
                0x00000000802dcd20                __construct_new_array = 0x802dcd20
                0x00000000802dd050                __destroy_new_array = 0x802dd050
                0x00000000802dcfd8                __destroy_arr = 0x802dcfd8
                0x0000000080024c90                sub_80024C20 = 0x80024c90
                0x00000000802dccc0                __register_global_object = 0x802dccc0
                0x00000000802dd13c                __ptmf_scall = 0x802dd13c
                0x000000008015fb40                setup__13FunctionChainFPPFPv_bUs = 0x8015fb40
                0x000000008006d080                __ct__14collisionMgr_c = 0x8006d080
                0x000000008006d080                __dt__14collisionMgr_c = 0x8006d080
                0x000000008006d120                clear1__14collisionMgr_cFv = 0x8006d120
                0x000000008006d140                clear2__14collisionMgr_cFv = 0x8006d140
                0x000000008006d1d0                init__14collisionMgr_cFP13dStageActor_cPC12sensorBase_sPC12sensorBase_sPC12sensorBase_s = 0x8006d1d0
                0x000000008006d580                Clear3__14collisionMgr_cFv = 0x8006d580
                0x000000008006dc70                calculateBelowCollision__14collisionMgr_cFv = 0x8006dc70
                0x0000000080070df0                isOnTopOfTile__14collisionMgr_cCFv = 0x80070df0
                0x000000008006f080                calculateAboveCollision__14collisionMgr_cFUi = 0x8006f080
                0x0000000080072d00                calculateBelowCollisionWithSmokeEffect__14collisionMgr_cFv = 0x80072d00
                0x000000008006fb80                calculateAdjacentCollision__14collisionMgr_cFPf = 0x8006fb80
                0x00000000800708a0                s_80070760__14collisionMgr_cFv = 0x800708a0
                0x0000000080070920                s_800707E0__14collisionMgr_cFv = 0x80070920
                0x0000000080070ce0                getTileBehaviour1At__14collisionMgr_cFffUc = 0x80070ce0
                0x0000000080070d80                getTileBehaviour1At__14collisionMgr_cFUsUsUc = 0x80070d80
                0x0000000080070d30                getTileBehaviour2At__14collisionMgr_cFffUc = 0x80070d30
                0x0000000080070da0                getTileBehaviour2At__14collisionMgr_cFUsUsUc = 0x80070da0
                0x0000000080070860                getBelowSubType__14collisionMgr_c = 0x80070860
                0x0000000080070860                _ZN14collisionMgr_c15getBelowSubTypeEv = 0x80070860
                0x00000000800b8550                __ct_11freezeMgr_c = 0x800b8550
                0x00000000800b85f0                __dt__11freezeMgr_cFv = 0x800b85f0
                0x00000000800b8660                doSomethingCool1__11freezeMgr_c = 0x800b8660
                0x00000000800b8730                doSomethingCool2__11freezeMgr_c = 0x800b8730
                0x00000000800b8800                setSomething__11freezeMgr_cFUiUiUi = 0x800b8800
                0x00000000800b8810                Create_ICEACTORs__11freezeMgr_cFPvi = 0x800b8810
                0x00000000800b8960                Delete_ICEACTORs__11freezeMgr_c = 0x800b8960
                0x00000000800b89e0                SetIceTimer_pt1__11freezeMgr_c = 0x800b89e0
                0x00000000800b8a40                SetIceTimer_pt2__11freezeMgr_c = 0x800b8a40
                0x00000000800b8ac0                CheckIceTimer_lte_Value__11freezeMgr_c = 0x800b8ac0
                0x00000000800b8b30                doSomethingCool3__11freezeMgr_c = 0x800b8b30
                0x00000000800b8bc0                doSomethingCool4__11freezeMgr_c = 0x800b8bc0
                0x00000000800b8c40                doSomethingCool5__11freezeMgr_c = 0x800b8c40
                0x00000000800b8cc0                doSomethingCool6__11freezeMgr_c = 0x800b8cc0
                0x00000000800b8d40                DoMeltNormal__11freezeMgr_c = 0x800b8d40
                0x00000000800b8e00                doSomethingCool7__11freezeMgr_c = 0x800b8e00
                0x00000000800b8ff0                CheckCountdownTimer__11freezeMgr_c = 0x800b8ff0
                0x0000000080334500                __vt__7fBase_c = 0x80334500
                0x00000000801622c0                onCreate__7fBase_cFv = 0x801622c0
                0x0000000080162370                onDelete__7fBase_cFv = 0x80162370
                0x0000000080162610                onExecute__7fBase_cFv = 0x80162610
                0x0000000080162810                willBeDeleted__7fBase_cFv = 0x80162810
                0x0000000080162b30                moreHeapShit__7fBase_cFUiPv = 0x80162b30
                0x0000000080162d30                createHeap__7fBase_cFUiPv = 0x80162d30
                0x0000000080162df0                heapCreated__7fBase_cFv = 0x80162df0
                0x0000000080162a50                Delete__7fBase_cFv = 0x80162a50
                0x0000000080162ef0                findNextUninitialisedProcess__7fBase_cFv = 0x80162ef0
                0x0000000080162f60                hasUninitialisedProcesses__7fBase_cFv = 0x80162f60
                0x0000000080162710                onDraw__7fBase_cFv = 0x80162710
                0x0000000080162a50                _Z15fBase_c__DeletePv = 0x80162a50
                0x0000000080162a50                fBase_c__Delete__FPv = 0x80162a50
                0x0000000080322460                __vt__15StageActorLight = 0x80322460
                0x00000000800ccb90                init__15StageActorLightFPvi = 0x800ccb90
                0x00000000800ccc50                update__15StageActorLight = 0x800ccc50
                0x00000000800ccd00                draw__15StageActorLight = 0x800ccd00
                0x00000000800ccd00                _ZN15StageActorLight6updateEv = 0x800ccd00
                0x00000000800ccd00                _ZN15StageActorLight4drawEv = 0x800ccd00
                0x0000000080041510                __dt__15StageActorLight = 0x80041510
                0x000000008006c7a0                GetExplanationString__7dBase_cFv = 0x8006c7a0
                0x000000008030caa8                __vt__15daEnBlockMain_c = 0x8030caa8
                0x00000000800233b0                __dt__15daEnBlockMain_cFv = 0x800233b0
                0x0000000080022ef0                calledWhenUpMoveBegins__15daEnBlockMain_cFv = 0x80022ef0
                0x0000000080022fd0                calledWhenDownMoveBegins__15daEnBlockMain_cFv = 0x80022fd0
                0x0000000080022fa0                calledWhenUpMoveExecutes__15daEnBlockMain_cFv = 0x80022fa0
                0x0000000080023210                calledWhenUpMoveDiffExecutes__15daEnBlockMain_cFv = 0x80023210
                0x0000000080023080                calledWhenDownMoveExecutes__15daEnBlockMain_cFv = 0x80023080
                0x00000000800230f0                calledWhenDownMoveEndExecutes__15daEnBlockMain_cFv = 0x800230f0
                0x0000000080023330                calledWhenDownMoveDiffExecutes__15daEnBlockMain_cFv = 0x80023330
                0x00000000800233a0                calledWhenDownMoveDiffEndExecutes__15daEnBlockMain_cFv = 0x800233a0
                0x0000000080022e30                updateScale__15daEnBlockMain_cFb = 0x80022e30
                0x0000000080022ed0                upMove_Begin__15daEnBlockMain_cFv = 0x80022ed0
                0x0000000080022f10                upMove_Execute__15daEnBlockMain_cFv = 0x80022f10
                0x0000000080022f00                upMove_End__15daEnBlockMain_cFv = 0x80022f00
                0x0000000080022fb0                downMove_Begin__15daEnBlockMain_cFv = 0x80022fb0
                0x0000000080022ff0                downMove_Execute__15daEnBlockMain_cFv = 0x80022ff0
                0x0000000080022fe0                downMove_End__15daEnBlockMain_cFv = 0x80022fe0
                0x0000000080023090                downMoveEnd_Begin__15daEnBlockMain_cFv = 0x80023090
                0x00000000800230b0                downMoveEnd_Execute__15daEnBlockMain_cFv = 0x800230b0
                0x00000000800230a0                downMoveEnd_End__15daEnBlockMain_cFv = 0x800230a0
                0x0000000080023100                upMove_Diff_Begin__15daEnBlockMain_cFv = 0x80023100
                0x0000000080023140                upMove_Diff_Execute__15daEnBlockMain_cFv = 0x80023140
                0x0000000080023130                upMove_Diff_End__15daEnBlockMain_cFv = 0x80023130
                0x0000000080023220                downMove_Diff_Begin__15daEnBlockMain_cFv = 0x80023220
                0x0000000080023260                downMove_Diff_Execute__15daEnBlockMain_cFv = 0x80023260
                0x0000000080023250                downMove_Diff_End__15daEnBlockMain_cFv = 0x80023250
                0x0000000080023340                downMove_DiffEnd_Begin__15daEnBlockMain_cFv = 0x80023340
                0x0000000080023360                downMove_DiffEnd_Execute__15daEnBlockMain_cFv = 0x80023360
                0x0000000080023350                downMove_DiffEnd_End__15daEnBlockMain_cFv = 0x80023350
                0x0000000080021700                blockInit__15daEnBlockMain_cFf = 0x80021700
                0x0000000080021820                blockUpdate__15daEnBlockMain_cFv = 0x80021820
                0x0000000080021330                blockResult__15daEnBlockMain_cFv = 0x80021330
                0x00000000800211f0                PhysicsCallback1__15daEnBlockMain_c = 0x800211f0
                0x00000000800211e0                PhysicsCallback2__15daEnBlockMain_c = 0x800211e0
                0x0000000080021210                PhysicsCallback3__15daEnBlockMain_c = 0x80021210
                0x0000000080020c60                OPhysicsCallback1__15daEnBlockMain_c = 0x80020c60
                0x0000000080020ee0                OPhysicsCallback2__15daEnBlockMain_c = 0x80020ee0
                0x0000000080021080                OPhysicsCallback3__15daEnBlockMain_c = 0x80021080
                0x000000008035db34                StateID_UpMove__15daEnBlockMain_c = 0x8035db34
                0x000000008035db74                StateID_DownMove__15daEnBlockMain_c = 0x8035db74
                0x000000008035dbb4                StateID_DownMoveEnd__15daEnBlockMain_c = 0x8035dbb4
                0x000000008035dbf4                StateID_UpMove_Diff__15daEnBlockMain_c = 0x8035dbf4
                0x000000008035dc34                StateID_DownMove_Diff__15daEnBlockMain_c = 0x8035dc34
                0x000000008035dc74                StateID_DownMove_DiffEnd__15daEnBlockMain_c = 0x8035dc74
                0x0000000080094fc0                __ct__5dEn_cFv = 0x80094fc0
                0x0000000080095270                __dt__5dEn_cFv = 0x80095270
                0x00000000800971d0                sub_80097050__5dEn_cFv = 0x800971d0
                0x00000000800970e0                manageBelowCollision__5dEn_cFv = 0x800970e0
                0x0000000080095310                afterCreate__5dEn_cFi = 0x80095310
                0x0000000080095380                beforeExecute__5dEn_cFv = 0x80095380
                0x00000000800955c0                afterExecute__5dEn_cFi = 0x800955c0
                0x00000000800955e0                beforeDraw__5dEn_cFv = 0x800955e0
                0x00000000800980f0                kill__5dEn_cFv = 0x800980f0
[...]
                0x000000000007b56d                .dwarf.0007.StateID_Move__14daEnGakeNoko_c
                0x000000000007b5d8                .dwarf.0007.gameHeaps__5mHeap
                0x000000000007b8b3                .dwarf.0002.dState_c<12daKameckDemo>::dState_c
                0x000000000007b9a4                .dwarf.0007.StateID_DemoSt2__12daKameckDemo
                0x000000000007b9f3                .dwarf.0007.StateID_DemoSt__12daKameckDemo
                0x000000000007ba40                .dwarf.0007.StateID_DemoWait__12daKameckDemo
                0x000000000007bb5f                .dwarf.0002.dStage32C_c::dStage32C_c
                0x000000000007bfa8                .dwarf.0007.instance__11dStage32C_c
                0x000000000007bfeb                .dwarf.0007.StateID_DieFall__5dEn_c
                0x000000000007c032                .dwarf.0007.BGScaleBack
                0x000000000007c05b                .dwarf.0007.BGScaleFront
                0x000000000007c085                .dwarf.0007.GameTimer
                0x000000000007c0ca                .dwarf.0007.Player_Flags
                0x000000000007c0f4                .dwarf.0007.BGScaleEnabled
                0x000000000007c11e                .dwarf.0007.GlobalStarsCollected
                0x000000000007c14e                .dwarf.0007.ZOrderOn
                0x000000000007c172                .dwarf.0007.AlwaysDrawBranch
                0x000000000007c19e                .dwarf.0007.AlwaysDrawFlag
                0x000000000007c1c8                .dwarf.0007.SizerOn
                0x000000000007c1eb                .dwarf.0007.GlobalRiderSize
                0x000000000007c216                .dwarf.0007.GlobalSpriteSpeed
                0x000000000007c243                .dwarf.0007.GlobalSpriteSize
                0x000000000007c26f                .dwarf.0007.MiniMarioJumpArc
                0x000000000007c29b                .dwarf.0007.MarioJumpArc
                0x000000000007c2c3                .dwarf.0007.MarioJumpMax
                0x000000000007c2eb                .dwarf.0007.MarioDescentRate
                0x000000000007c317                .dwarf.0007.ArchiveHeap
                0x000000000007c36c                .dwarf.0013.StartLevelInfo::StartLevelInfo
                0x000000000007c521                .dwarf.0007.RESTART_CRSIN_LevelStartStruct
                0x000000000007c55d                .dwarf.0007.DontShowPreGame
                0x000000000007c588                .dwarf.0007.instance__19ClassWithCameraInfo
                0x000000000007c601                .dwarf.0013.BgGmBase::something_s::something_s
                0x000000000007c729                .dwarf.0013.BgGmBase::limitLineEntry_s::limitLineEntry_s
                0x000000000007ca4d                .dwarf.0013.BgGmBase::manualZoomEntry_s::manualZoomEntry_s
                0x000000000007cbca                .dwarf.0013.BgGmBase::beets_s::beets_s
                0x000000000007ce21                .dwarf.0002.BgGmBase::BgGmBase
                0x000000000007d098                .dwarf.0002.dBgGm_c::dBgGm_c
                0x000000000007d102                .dwarf.0007.instance__7dBgGm_c
                0x000000000007d140                .dwarf.0007.instance__13dCourseFull_c
                0x000000000007d185                .dwarf.0007.StagePtr
                0x000000000007d590                .dwarf.0002.dFlagMgr_c::dFlagMgr_c
                0x000000000007d763                .dwarf.0007.instance__10dFlagMgr_c
                0x000000000007da45                .dwarf.0002.dState_c<15daEnBlockMain_c>::dState_c
                0x000000000007db36                .dwarf.0007.StateID_DownMove__15daEnBlockMain_c
                0x000000000007db8a                .dwarf.0007.StateID_UpMove__15daEnBlockMain_c
                0x000000000007dbda                .dwarf.0007.PhysicsCallback3__15daEnBlockMain_c
                0x000000000007dc2c                .dwarf.0007.PhysicsCallback2__15daEnBlockMain_c
                0x000000000007dc7e                .dwarf.0007.PhysicsCallback1__15daEnBlockMain_c
                0x000000000007dcd0                .dwarf.0007.OPhysicsCallback3__15daEnBlockMain_c
                0x000000000007dd24                .dwarf.0007.OPhysicsCallback2__15daEnBlockMain_c
                0x000000000007dd78                .dwarf.0007.OPhysicsCallback1__15daEnBlockMain_c
                0x000000000007ddcc                .dwarf.0007.DVDClass
                0x000000000007ddf0                .dwarf.0007.StateID_Thank__24daEnBossKoopaDemoPeach_c
                0x000000000007de47                .dwarf.0007.StateID_Rescue__24daEnBossKoopaDemoPeach_c
                0x000000000007dea0                .dwarf.0007.StateID_Open__24daEnBossKoopaDemoPeach_c
                0x000000000007def5                .dwarf.0007._8042A788
                0x000000000007df1a                .dwarf.0007.StateID_Turn__24daEnBossKoopaDemoPeach_c
                0x000000000007dfbd                .dwarf.0002.BalloonRelatedClass::BalloonRelatedClass
                0x000000000007e051                .dwarf.0007.instance__19BalloonRelatedClass
                0x000000000007e10a                .dwarf.0002.dStageActorMgr_c::dStageActorMgr_c
                0x000000000007e37a                .dwarf.0007.instance__16dStageActorMgr_c
                0x000000000007e444                .dwarf.0002.WLClass::WLClass
                0x000000000007e517                .dwarf.0007.instance__7WLClass
                0x000000000007e555                .dwarf.0007.SoundRelatedClass
                0x000000000007e64d                .dwarf.0002.StageE4::StageE4
                0x000000000007e6e6                .dwarf.0007.instance__7StageE4
                0x000000000007e724                .dwarf.0007.globalListHead__13BasicCollider
                0x000000000007e775                .dwarf.0007.globalListHead__7Physics
                0x000000000007e7bf                .dwarf.0007.globalListHead__13ActivePhysics
                0x000000000007e830                .dwarf.0007.GameHeaps
                0x000000000007e87b                .dwarf.0007.spriteFiles
                0x000000000007e8c7                .dwarf.0007.profileNames
                0x000000000007e916                .dwarf.0007.originalProfiles
                0x000000000007e944                .dwarf.0007.ObjectProfileList
                0x000000000007e999                .dwarf.0007.originalSprites
                0x000000000007ea6b                .dwarf.0006.sqrtf__Ff
                0x000000000007eb59                .dwarf.0006.FastS16toFloat__Fs
                0x000000000007ec0d                .dwarf.0006.executeNextStateThisTick__36dStateWrapperBase_c<13dActorState_c>Fv
                0x000000000007ecbb                .dwarf.0006.setState__36dStateWrapperBase_c<13dActorState_c>FP12dStateBase_c
                0x000000000007ed87                .dwarf.0006.__dt__Q34nw4r3snd11SoundHandleFv
                0x000000000007edfd                .dwarf.0006.getCurrentState__33dStateWrapperBase_c<10daPlBase_c>Fv
                0x000000000007ee9f                .dwarf.0006.__dt__35dStateWrapper_c<16dMsgBoxManager_c>Fv
                0x000000000007ef22                .dwarf.0006.__dt__39dStateWrapperBase_c<16dMsgBoxManager_c>Fv
                0x000000000007efa9                .dwarf.0006.__ct__39dStateWrapperBase_c<16dMsgBoxManager_c>FP16dMsgBoxManager_cP28dState_c<16dMsgBoxManager_c>
                0x000000000007f0cb                .dwarf.0006.execute__39dStateWrapperBase_c<16dMsgBoxManager_c>Fv
                0x000000000007f15a                .dwarf.0006.setState__39dStateWrapperBase_c<16dMsgBoxManager_c>FP12dStateBase_c
                0x000000000007f229                .dwarf.0006.SetVisible__Q34nw4r3lyt4PaneFb
                0x000000000007f2c0                .dwarf.0006.__ct__12lineSensor_sFiii
                0x000000000007f388                .dwarf.0006.Player_VF3D4__FPv
                0x000000000007f413                .dwarf.0006.__dt__29dStateWrapper_c<10dSingAlong>Fv
                0x000000000007f490                .dwarf.0006.__dt__33dStateWrapperBase_c<10dSingAlong>Fv
                0x000000000007f511                .dwarf.0006.__ct__33dStateWrapperBase_c<10dSingAlong>FP10dSingAlongP22dState_c<10dSingAlong>
                0x000000000007f621                .dwarf.0006.setState__33dStateWrapperBase_c<10dSingAlong>FP12dStateBase_c
                0x000000000007f6ea                .dwarf.0006.execute__33dStateWrapperBase_c<10dSingAlong>Fv
                0x000000000007f773                .dwarf.0006.__ct__12lineSensor_sFUiiii
                0x000000000007f85f                .dwarf.0006.getPreviousState__39dStateWrapperBase_c<16dMsgBoxManager_c>Fv
                0x000000000007f909                .dwarf.0006.getCurrentState__39dStateWrapperBase_c<16dMsgBoxManager_c>Fv
                0x000000000007f9b1                .dwarf.0006.getNextState__39dStateWrapperBase_c<16dMsgBoxManager_c>Fv
                0x000000000007fa53                .dwarf.0006.getCurrentStateMethodExecutor__39dStateWrapperBase_c<16dMsgBoxManager_c>Fv
                0x000000000007fb17                .dwarf.0006.executeNextStateThisTick__39dStateWrapperBase_c<16dMsgBoxManager_c>Fv
                0x000000000007fbc8                .dwarf.0006.endCurrentState__39dStateWrapperBase_c<16dMsgBoxManager_c>Fv
                0x000000000007fc67                .dwarf.0006.ensureStateHasBegun__39dStateWrapperBase_c<16dMsgBoxManager_c>Fv
                0x000000000007fd0e                .dwarf.0006.getPreviousState__33dStateWrapperBase_c<10dSingAlong>Fv
                0x000000000007fdb2                .dwarf.0006.getCurrentState__33dStateWrapperBase_c<10dSingAlong>Fv
                0x000000000007fe54                .dwarf.0006.getNextState__33dStateWrapperBase_c<10dSingAlong>Fv
                0x000000000007fef0                .dwarf.0006.getCurrentStateMethodExecutor__33dStateWrapperBase_c<10dSingAlong>Fv
                0x000000000007ffae                .dwarf.0006.executeNextStateThisTick__33dStateWrapperBase_c<10dSingAlong>Fv
                0x0000000000080059                .dwarf.0006.endCurrentState__33dStateWrapperBase_c<10dSingAlong>Fv
                0x00000000000800f2                .dwarf.0006.ensureStateHasBegun__33dStateWrapperBase_c<10dSingAlong>Fv
                0x0000000000080193                .dwarf.0006.beginSomething__12daBossDemo_cFv
                0x00000000000801e5                .dwarf.0006.endSomething__12daBossDemo_cFv
                0x0000000000080233                .dwarf.0006.getIdOfOtherActor__12daBossDemo_cFv
                0x00000000000802b9                .dwarf.0006.setIdOfOtherActor__12daBossDemo_cFi
                0x0000000000080359                .dwarf.0006.vf128__12daBossDemo_cFv
                0x000000000008039d                .dwarf.0006.justReturnField3D4_decidesIfEndBattle__12daBossDemo_cFv
                0x000000000008044b                .dwarf.0006.vf130__12daBossDemo_cFv
                0x000000000008048f                .dwarf.0006.getActorPointerForSomething__12daBossDemo_cFv
                0x00000000000806d1                .dwarf.0006.executeNextStateThisTick__15dStateMgrBase_cFv
                0x0000000000080764                .dwarf.0006.getCurrentState__15dStateMgrBase_cFv
                0x00000000000807ee                .dwarf.0006.__dt__17dStatePointless_cFv
                0x000000000008085f                .dwarf.0006.__dt__11dStateMgr_cFv
                0x00000000000808ca                .dwarf.0006.__dt__36dStateExecutor_c<16dMsgBoxManager_c>Fv
                0x000000000008094e                .dwarf.0006.__dt__26dStateMethodExecutorBase_cFv
                0x00000000000809c8                .dwarf.0006.__dt__20dStateExecutorBase_cFv
                0x0000000000080a3c                .dwarf.0006.__dt__42dStateMethodExecutor_c<16dMsgBoxManager_c>Fv
                0x0000000000080ac6                .dwarf.0006.__ct__36dStateExecutor_c<16dMsgBoxManager_c>FP16dMsgBoxManager_c
                0x0000000000080b95                .dwarf.0006.__ct__42dStateMethodExecutor_c<16dMsgBoxManager_c>FP16dMsgBoxManager_c
                0x0000000000080c64                .dwarf.0006.__dt__30dStateExecutor_c<10dSingAlong>Fv
                0x0000000000080ce2                .dwarf.0006.__dt__36dStateMethodExecutor_c<10dSingAlong>Fv
                0x0000000000080d66                .dwarf.0006.__ct__30dStateExecutor_c<10dSingAlong>FP10dSingAlong
                0x0000000000080e29                .dwarf.0006.__ct__36dStateMethodExecutor_c<10dSingAlong>FP10dSingAlong
                0x0000000000080eec                .dwarf.0006.callEnd__42dStateMethodExecutor_c<16dMsgBoxManager_c>Fv
                0x0000000000080f78                .dwarf.0006.callExecute__42dStateMethodExecutor_c<16dMsgBoxManager_c>Fv
                0x000000000008100c                .dwarf.0006.callBegin__42dStateMethodExecutor_c<16dMsgBoxManager_c>Fv
                0x000000000008109c                .dwarf.0006.callEnd__36dStateMethodExecutor_c<10dSingAlong>Fv
                0x0000000000081122                .dwarf.0006.callExecute__36dStateMethodExecutor_c<10dSingAlong>Fv
                0x00000000000811b0                .dwarf.0006.callBegin__36dStateMethodExecutor_c<10dSingAlong>Fv
                0x000000000008123a                .dwarf.0006.clearMethodExecutor__36dStateExecutor_c<16dMsgBoxManager_c>FPP26dStateMethodExecutorBase_c
                0x0000000000081303                .dwarf.0006.getMethodExecutorForState__36dStateExecutor_c<16dMsgBoxManager_c>FP12dStateBase_c
                0x00000000000813ea                .dwarf.0006.clearMethodExecutor__30dStateExecutor_c<10dSingAlong>FPP26dStateMethodExecutorBase_c
                0x00000000000814ad                .dwarf.0006.getMethodExecutorForState__30dStateExecutor_c<10dSingAlong>FP12dStateBase_c
                0x000000000008158e                .dwarf.0006.getPreviousState__15dStateMgrBase_cFv
                0x000000000008161a                .dwarf.0006.getNextState__15dStateMgrBase_cFv
                0x000000000008169e                .dwarf.0006.getCurrentStateMethodExecutor__15dStateMgrBase_cFv
                0x0000000000081744                .dwarf.0006.returnsOne__17dStatePointless_cFv
                0x0000000000081797                .dwarf.0006.__ct__23dState_c<11dGoalRing_c>FPCcM11dGoalRing_cFPCvPv_vM11dGoalRing_cFPCvPv_vM11dGoalRing_cFPCvPv_v
                0x00000000000818f4                .dwarf.0006.__ct__22dState_c<10dGoombaPie>FPCcM10dGoombaPieFPCvPv_vM10dGoombaPieFPCvPv_vM10dGoombaPieFPCvPv_v
                0x0000000000081a4d                .dwarf.0006.__ct__22dState_c<10dSongBlock>FPCcM10dSongBlockFPCvPv_vM10dSongBlockFPCvPv_vM10dSongBlockFPCvPv_v
                0x0000000000081ba6                .dwarf.0006.__ct__22dState_c<10dSingAlong>FPCcM10dSingAlongFPCvPv_vM10dSingAlongFPCvPv_vM10dSingAlongFPCvPv_v
                0x0000000000081cff                .dwarf.0006.__ct__22dState_c<10dSongPrize>FPCcM10dSongPrizeFPCvPv_vM10dSongPrizeFPCvPv_vM10dSongPrizeFPCvPv_v
                0x0000000000081e58                .dwarf.0006.__ct__25dState_c<13dThunderCloud>FPCcM13dThunderCloudFPCvPv_vM13dThunderCloudFPCvPv_vM13dThunderCloudFPCvPv_v
                0x0000000000081fbd                .dwarf.0006.__ct__26dState_c<14daElectricLine>FPCcM14daElectricLineFPCvPv_vM14daElectricLineFPCvPv_vM14daElectricLineFPCvPv_v
                0x0000000000082126                .dwarf.0006.__ct__25dState_c<13daShyGuyGiant>FPCcM13daShyGuyGiantFPCvPv_vM13daShyGuyGiantFPCvPv_vM13daShyGuyGiantFPCvPv_v
                0x000000000008228b                .dwarf.0006.__ct__19dState_c<8daShyGuy>FPCcM8daShyGuyFPCvPv_vM8daShyGuyFPCvPv_vM8daShyGuyFPCvPv_v
                0x00000000000823d8                .dwarf.0006.__ct__24dState_c<12daKoopaThrow>FPCcM12daKoopaThrowFPCvPv_vM12daKoopaThrowFPCvPv_vM12daKoopaThrowFPCvPv_v
                0x0000000000082539                .dwarf.0006.__ct__27dState_c<15daCaptainBowser>FPCcM15daCaptainBowserFPCvPv_vM15daCaptainBowserFPCvPv_vM15daCaptainBowserFPCvPv_v
                0x00000000000826a6                .dwarf.0006.__ct__20dState_c<9daDreidel>FPCcM9daDreidelFPCvPv_vM9daDreidelFPCvPv_vM9daDreidelFPCvPv_v
                0x00000000000827f7                .dwarf.0006.__ct__22dState_c<10daPodouble>FPCcM10daPodoubleFPCvPv_vM10daPodoubleFPCvPv_vM10daPodoubleFPCvPv_v
                0x0000000000082950                .dwarf.0006.__ct__23dState_c<11daSamurshai>FPCcM11daSamurshaiFPCvPv_vM11daSamurshaiFPCvPv_vM11daSamurshaiFPCvPv_v
                0x0000000000082aad                .dwarf.0006.__ct__19dState_c<8daWrench>FPCcM8daWrenchFPCvPv_vM8daWrenchFPCvPv_vM8daWrenchFPCvPv_v
                0x0000000000082bfa                .dwarf.0006.__ct__22dState_c<10daBalboa_c>FPCcM10daBalboa_cFPCvPv_vM10daBalboa_cFPCvPv_vM10daBalboa_cFPCvPv_v
                0x0000000000082d53                .dwarf.0006.__ct__22dState_c<10daRamboo_c>FPCcM10daRamboo_cFPCvPv_vM10daRamboo_cFPCvPv_vM10daRamboo_cFPCvPv_v
                0x0000000000082eac                .dwarf.0006.__ct__27dState_c<15daEnMegaDosun_c>FPCcM15daEnMegaDosun_cFPCvPv_vM15daEnMegaDosun_cFPCvPv_vM15daEnMegaDosun_cFPCvPv_v
                0x0000000000083019                .dwarf.0006.__ct__25dState_c<13daFuzzyBear_c>FPCcM13daFuzzyBear_cFPCvPv_vM13daFuzzyBear_cFPCvPv_vM13daFuzzyBear_cFPCvPv_v
                0x000000000008317e                .dwarf.0006.__ct__26dState_c<14daMegaGoomba_c>FPCcM14daMegaGoomba_cFPCvPv_vM14daMegaGoomba_cFPCvPv_vM14daMegaGoomba_cFPCvPv_v
                0x00000000000832e7                .dwarf.0006.__ct__19dState_c<8daTopman>FPCcM8daTopmanFPCvPv_vM8daTopmanFPCvPv_vM8daTopmanFPCvPv_v
                0x0000000000083434                .dwarf.0006.__ct__26dState_c<14daEnMsgBlock_c>FPCcM14daEnMsgBlock_cFPCvPv_vM14daEnMsgBlock_cFPCvPv_vM14daEnMsgBlock_cFPCvPv_v
                0x000000000008359d                .dwarf.0006.__ct__28dState_c<16dMsgBoxManager_c>FPCcM16dMsgBoxManager_cFPCvPv_vM16dMsgBoxManager_cFPCvPv_vM16dMsgBoxManager_cFPCvPv_v
                0x000000000008370e                .dwarf.0006.__ct__28dState_c<16daEnEventBlock_c>FPCcM16daEnEventBlock_cFPCvPv_vM16daEnEventBlock_cFPCvPv_vM16daEnEventBlock_cFPCvPv_v
                0x000000000008387f                .dwarf.0006.__ct__25dState_c<13daFireLaser_c>FPCcM13daFireLaser_cFPCvPv_vM13daFireLaser_cFPCvPv_vM13daFireLaser_cFPCvPv_v
                0x00000000000839e4                .dwarf.0006.__ct__20dState_c<9daMrSun_c>FPCcM9daMrSun_cFPCvPv_vM9daMrSun_cFPCvPv_vM9daMrSun_cFPCvPv_v
                0x0000000000083b35                .dwarf.0006.__ct__27dState_c<15daEnFlipBlock_c>FPCcM15daEnFlipBlock_cFPCvPv_vM15daEnFlipBlock_cFPCvPv_vM15daEnFlipBlock_cFPCvPv_v
                0x0000000000083ca2                .dwarf.0006.__ct__26dState_c<14daEnChestnut_c>FPCcM14daEnChestnut_cFPCvPv_vM14daEnChestnut_cFPCvPv_vM14daEnChestnut_cFPCvPv_v
                0x0000000000083e0b                .dwarf.0006.__ct__24dState_c<12dEndingMgr_c>FPCcM12dEndingMgr_cFPCvPv_vM12dEndingMgr_cFPCvPv_vM12dEndingMgr_cFPCvPv_v
                0x000000000008400c                .dwarf.0006.get__13dCourseFull_cFi
                0x000000000008413f                .dwarf.0006.GetID__Q34nw4r3g3d7ResNodeFv
                0x00000000000841b2                .dwarf.0006.returnUnknown__Q23m3d6proc_cFv
                0x00000000000842a7                .dwarf.0006.__ct__16dMsgBoxManager_cFv
                0x0000000000084329                .dwarf.0006.beforeExecute__16dMsgBoxManager_cFv
                0x0000000000084381                .dwarf.0006.afterExecute__16dMsgBoxManager_cFi
                0x00000000000843d7                .dwarf.0006.beforeDraw__16dMsgBoxManager_cFv
                0x0000000000084429                .dwarf.0006.afterDraw__16dMsgBoxManager_cFi
